// Jest Snapshot v1, https://goo.gl/fbAQLP

exports[`#fetchSQLInstances should collect data 1`] = `
Object {
  "collectedEntities": Array [
    Object {
      "_class": Array [
        "Account",
      ],
      "_key": "j1-gc-integration-dev-v2",
      "_rawData": Array [
        Object {
          "name": "default",
          "rawData": Object {
            "createTime": "2021-02-17T21:10:45.892Z",
            "lifecycleState": "ACTIVE",
            "name": "j1-gc-integration-dev-v2",
            "parent": Object {
              "id": "158838481165",
              "type": "organization",
            },
            "projectId": "j1-gc-integration-dev-v2",
            "projectNumber": "711888229551",
          },
        },
      ],
      "_type": "google_cloud_project",
      "createdOn": 1613596245892,
      "displayName": "j1-gc-integration-dev-v2",
      "lifecycleState": "ACTIVE",
      "name": "j1-gc-integration-dev-v2",
      "parent.id": "158838481165",
      "parent.type": "organization",
      "projectNumber": "711888229551",
    },
    Object {
      "_class": Array [
        "Database",
      ],
      "_key": "j1-gc-integration-dev-v2:us-central1:sql-postgres-bb22b41aea5c903a",
      "_rawData": Array [
        Object {
          "name": "default",
          "rawData": Object {
            "backendType": "SECOND_GEN",
            "connectionName": "j1-gc-integration-dev-v2:us-central1:sql-postgres-bb22b41aea5c903a",
            "databaseVersion": "POSTGRES_12",
            "etag": "2c705a8f9e38b442c1091b3fdbb096ae197023b42f16ab1b04f33859942f649c",
            "gceZone": "us-central1-f",
            "instanceType": "CLOUD_SQL_INSTANCE",
            "ipAddresses": Array [
              Object {
                "ipAddress": "34.121.154.184",
                "type": "PRIMARY",
              },
            ],
            "kind": "sql#instance",
            "name": "sql-postgres-bb22b41aea5c903a",
            "project": "j1-gc-integration-dev-v2",
            "region": "us-central1",
            "selfLink": "https://www.googleapis.com/sql/v1beta4/projects/j1-gc-integration-dev-v2/instances/sql-postgres-bb22b41aea5c903a",
            "serverCaCert": Object {
              "cert": "-----BEGIN CERTIFICATE-----
MIIDfzCCAmegAwIBAgIBADANBgkqhkiG9w0BAQsFADB3MS0wKwYDVQQuEyQ0MDJh
NmU1ZS01ZTUxLTQ4ZTEtOTMzMy04NzI0MTgyMDFhY2YxIzAhBgNVBAMTGkdvb2ds
ZSBDbG91ZCBTUUwgU2VydmVyIENBMRQwEgYDVQQKEwtHb29nbGUsIEluYzELMAkG
A1UEBhMCVVMwHhcNMjEwMjE4MDAwNDE3WhcNMzEwMjE2MDAwNTE3WjB3MS0wKwYD
VQQuEyQ0MDJhNmU1ZS01ZTUxLTQ4ZTEtOTMzMy04NzI0MTgyMDFhY2YxIzAhBgNV
BAMTGkdvb2dsZSBDbG91ZCBTUUwgU2VydmVyIENBMRQwEgYDVQQKEwtHb29nbGUs
IEluYzELMAkGA1UEBhMCVVMwggEiMA0GCSqGSIb3DQEBAQUAA4IBDwAwggEKAoIB
AQCW3bk9F46548vp+xZZ3332tIORn49muRU6DZ2uUsk+XrJm0RU04/X8QT1hQ5mc
0FB1F4ahwmiun8ay3bqXnxifCUicC30JdQ1ul3SdOK6B48v/gNGBFsFL1AN+zJNU
EiJ4Uj6Wzs2/smpPgNex6dEHFyhBywqBfx1aQxPI094MYag+AS65ZKwRSzf8qUqk
dXEaKi1FvN48aSLlkbFArAKtDc7125YHzj7Z2ono/rhEatObcjhBwb/pkh4GBa8U
ZBVNd+dukCOluNVfpqE8j91laa5rb5B8fjntu5SjrfmUC3w7Gq9Nedhxe2sqWMnX
5H6dSfg0Q4Ow0dUfHG5KnMtXAgMBAAGjFjAUMBIGA1UdEwEB/wQIMAYBAf8CAQAw
DQYJKoZIhvcNAQELBQADggEBAFzg/hY/SKewJPWSaW+z6CoyRGteAa5J3JScS8dJ
ONPzWIUoXQYTFsiTg0YBHaw/146a3vGOK2tL0L9h9GGBXFpaUk6NVXy1hNVTKkx/
BCZvtEhUR80yaacB3h37qb5MGs8CazNS5sQ+5KIDcN4T3fWFDXCAZmwSeHSdcBkf
KoWWR0JNJ7Ktn+86o9eWUcYUJR2Mz439QpWw0rXtYyPjIRASmCLOJd1K9HiIBlzi
z3F7e6+Pxsy8G35/DVBNQExhXoiqlvivc9Y42KSa5mW/M+EOwcxaCVArwPdPJ0dd
oKYuHQMN7Q3arL9dHMgYeEvR51/vbjLe134Cbw8w0mUnAF8=
-----END CERTIFICATE-----",
              "certSerialNumber": "0",
              "commonName": "C=US,O=Google\\\\, Inc,CN=Google Cloud SQL Server CA,dnQualifier=402a6e5e-5e51-48e1-9333-872418201acf",
              "createTime": "2021-02-18T00:04:17.298Z",
              "expirationTime": "2031-02-16T00:05:17.298Z",
              "instance": "sql-postgres-bb22b41aea5c903a",
              "kind": "sql#sslCert",
              "sha1Fingerprint": "b7c0a9bdb4c77bf88b7c9f04f244a707db9f4703",
            },
            "serviceAccountEmailAddress": "p711888229551-yd80kg@gcp-sa-cloud-sql.iam.gserviceaccount.com",
            "settings": Object {
              "activationPolicy": "ALWAYS",
              "authorizedGaeApplications": Array [],
              "availabilityType": "ZONAL",
              "backupConfiguration": Object {
                "backupRetentionSettings": Object {
                  "retainedBackups": 7,
                  "retentionUnit": "COUNT",
                },
                "enabled": false,
                "kind": "sql#backupConfiguration",
                "startTime": "00:00",
                "transactionLogRetentionDays": 7,
              },
              "dataDiskSizeGb": "10",
              "dataDiskType": "PD_SSD",
              "ipConfiguration": Object {
                "authorizedNetworks": Array [],
                "ipv4Enabled": true,
              },
              "kind": "sql#settings",
              "locationPreference": Object {
                "kind": "sql#locationPreference",
                "zone": "us-central1-f",
              },
              "pricingPlan": "PER_USE",
              "replicationType": "SYNCHRONOUS",
              "settingsVersion": "2",
              "storageAutoResize": true,
              "storageAutoResizeLimit": "0",
              "tier": "db-f1-micro",
            },
            "state": "RUNNABLE",
          },
        },
      ],
      "_type": "google_sql_postgres_instance",
      "authorizedNetworks": Array [],
      "automatedBackupsEnabled": false,
      "createdOn": undefined,
      "displayName": "sql-postgres-bb22b41aea5c903a",
      "encrypted": true,
      "hasPublicIP": true,
      "location": "j1-gc-integration-dev-v2:us-central1:sql-postgres-bb22b41aea5c903a",
      "logCheckpoints": undefined,
      "logConnections": undefined,
      "logDisconnections": undefined,
      "logLockWaits": undefined,
      "logMinDurationStatement": undefined,
      "logMinErrorStatement": undefined,
      "logTempFiles": undefined,
      "name": "sql-postgres-bb22b41aea5c903a",
      "requireSSL": undefined,
    },
    Object {
      "_class": Array [
        "Database",
      ],
      "_key": "j1-gc-integration-dev-v2:us-central1:sql-mysql-bb22b41aea5c903a",
      "_rawData": Array [
        Object {
          "name": "default",
          "rawData": Object {
            "backendType": "SECOND_GEN",
            "connectionName": "j1-gc-integration-dev-v2:us-central1:sql-mysql-bb22b41aea5c903a",
            "databaseVersion": "MYSQL_5_7",
            "etag": "ff5fab2f2d447319adf6b2d07ffbc5109975f111f28cf4aa83a7c853b3d2a052",
            "gceZone": "us-central1-f",
            "instanceType": "CLOUD_SQL_INSTANCE",
            "ipAddresses": Array [
              Object {
                "ipAddress": "34.72.193.254",
                "type": "PRIMARY",
              },
            ],
            "kind": "sql#instance",
            "name": "sql-mysql-bb22b41aea5c903a",
            "project": "j1-gc-integration-dev-v2",
            "region": "us-central1",
            "selfLink": "https://www.googleapis.com/sql/v1beta4/projects/j1-gc-integration-dev-v2/instances/sql-mysql-bb22b41aea5c903a",
            "serverCaCert": Object {
              "cert": "-----BEGIN CERTIFICATE-----
MIIDfzCCAmegAwIBAgIBADANBgkqhkiG9w0BAQsFADB3MS0wKwYDVQQuEyRjMjIx
YjQxZS0zMzU5LTRjZTctYmI2MS1lZDE5Y2ViMDUyYjQxIzAhBgNVBAMTGkdvb2ds
ZSBDbG91ZCBTUUwgU2VydmVyIENBMRQwEgYDVQQKEwtHb29nbGUsIEluYzELMAkG
A1UEBhMCVVMwHhcNMjEwMjE4MDAwNDIyWhcNMzEwMjE2MDAwNTIyWjB3MS0wKwYD
VQQuEyRjMjIxYjQxZS0zMzU5LTRjZTctYmI2MS1lZDE5Y2ViMDUyYjQxIzAhBgNV
BAMTGkdvb2dsZSBDbG91ZCBTUUwgU2VydmVyIENBMRQwEgYDVQQKEwtHb29nbGUs
IEluYzELMAkGA1UEBhMCVVMwggEiMA0GCSqGSIb3DQEBAQUAA4IBDwAwggEKAoIB
AQCHcPdhHXUp6ALS4puMdtyQ34bumJqW82rAeYsS0HdcKVlYJecBlf3bjQMEK/If
tS/RdM+yk4y5vFNuzAWLZ3RmgDcbvo+bVVZflSJb0gAAH45FyGiEZrt0MZsoqquD
Bl2CJVDrnQFYzC8lvETHLO6kmUvPU3cg1uJ15X+nJdHjqWfweq+HAixElNyIaluW
DNrqjISU+2tz+sfRa2Zituckyz8c89vLYCekVF2wmT8jWNBs7t/qkfYsz5S4w0ty
7YLUesbokXwuweJE8IB2/nwRaPxR9uF+s/pFCaJGm1kZps817TRKF5rFcWzZ45s9
29+lwLagxqHqx+uYPeMUoMDJAgMBAAGjFjAUMBIGA1UdEwEB/wQIMAYBAf8CAQAw
DQYJKoZIhvcNAQELBQADggEBABNnfvJCKzdkIqktdmxE7eKMihtveNKDiMXVKk5a
jwyIHvm36DMl6r1gqbqHhYmFRWMTjUa2BlEg569Ei3Ju1x9jIEcVCRnIbPGRg8sW
MV/ChE6UmyOMvMmr701QQhnEycdrx+i1+tJaTw17Mrv4PQOjuFu7EGsTe5CBbouO
wLKdvYwQYIXlkbQf2ZYhi8CqCzI/4mFjv3Bt28rCWIGq+gOnAPUR/MhMWQi4PLe4
R1tZ3p4CFlMyIfGsgzE17aCBe4aROrOBV/RyebTng/868PbS/7Em6SPJFvRR41CD
XiII0T/wlagmS0MhiwLQPZfFQ8wJDSnpfSaT/6mA271j+F4=
-----END CERTIFICATE-----",
              "certSerialNumber": "0",
              "commonName": "C=US,O=Google\\\\, Inc,CN=Google Cloud SQL Server CA,dnQualifier=c221b41e-3359-4ce7-bb61-ed19ceb052b4",
              "createTime": "2021-02-18T00:04:22.695Z",
              "expirationTime": "2031-02-16T00:05:22.695Z",
              "instance": "sql-mysql-bb22b41aea5c903a",
              "kind": "sql#sslCert",
              "sha1Fingerprint": "f764bb2b782886877d6e9d300c6672471100c802",
            },
            "serviceAccountEmailAddress": "p711888229551-3mw57j@gcp-sa-cloud-sql.iam.gserviceaccount.com",
            "settings": Object {
              "activationPolicy": "ALWAYS",
              "authorizedGaeApplications": Array [],
              "availabilityType": "ZONAL",
              "backupConfiguration": Object {
                "backupRetentionSettings": Object {
                  "retainedBackups": 7,
                  "retentionUnit": "COUNT",
                },
                "enabled": false,
                "kind": "sql#backupConfiguration",
                "startTime": "22:00",
                "transactionLogRetentionDays": 7,
              },
              "dataDiskSizeGb": "10",
              "dataDiskType": "PD_SSD",
              "ipConfiguration": Object {
                "authorizedNetworks": Array [],
                "ipv4Enabled": true,
              },
              "kind": "sql#settings",
              "locationPreference": Object {
                "kind": "sql#locationPreference",
                "zone": "us-central1-f",
              },
              "pricingPlan": "PER_USE",
              "replicationType": "SYNCHRONOUS",
              "settingsVersion": "1",
              "storageAutoResize": true,
              "storageAutoResizeLimit": "0",
              "tier": "db-f1-micro",
            },
            "state": "RUNNABLE",
          },
        },
      ],
      "_type": "google_sql_mysql_instance",
      "authorizedNetworks": Array [],
      "automatedBackupsEnabled": false,
      "createdOn": undefined,
      "displayName": "sql-mysql-bb22b41aea5c903a",
      "encrypted": true,
      "hasPublicIP": true,
      "localInfile": undefined,
      "location": "j1-gc-integration-dev-v2:us-central1:sql-mysql-bb22b41aea5c903a",
      "name": "sql-mysql-bb22b41aea5c903a",
      "requireSSL": undefined,
    },
  ],
  "collectedRelationships": Array [],
  "encounteredTypes": Array [
    "google_cloud_project",
    "google_sql_postgres_instance",
    "google_sql_mysql_instance",
  ],
  "numCollectedEntities": 3,
  "numCollectedRelationships": 0,
}
`;
