// Jest Snapshot v1, https://goo.gl/fbAQLP

exports[`#fetchCloudStorageBuckets should collect data 1`] = `
Object {
  "collectedEntities": Array [
    Object {
      "_class": Array [
        "DataStore",
      ],
      "_key": "bucket:dataproc-staging-europe-north1-167984947943-oqqo30p7",
      "_rawData": Array [
        Object {
          "name": "default",
          "rawData": Object {
            "etag": "CAE=",
            "iamConfiguration": Object {
              "bucketPolicyOnly": Object {
                "enabled": false,
              },
              "publicAccessPrevention": "inherited",
              "uniformBucketLevelAccess": Object {
                "enabled": false,
              },
            },
            "id": "dataproc-staging-europe-north1-167984947943-oqqo30p7",
            "kind": "storage#bucket",
            "location": "EUROPE-NORTH1",
            "locationType": "region",
            "metageneration": "1",
            "name": "dataproc-staging-europe-north1-167984947943-oqqo30p7",
            "projectNumber": "167984947943",
            "selfLink": "https://www.googleapis.com/storage/v1/b/dataproc-staging-europe-north1-167984947943-oqqo30p7",
            "storageClass": "STANDARD",
            "timeCreated": "2021-07-20T12:47:31.280Z",
            "updated": "2021-07-20T12:47:31.280Z",
          },
        },
      ],
      "_type": "google_storage_bucket",
      "classification": null,
      "createdOn": 1626785251280,
      "displayName": "dataproc-staging-europe-north1-167984947943-oqqo30p7",
      "encrypted": true,
      "encryptionKeyRef": undefined,
      "etag": "CAE=",
      "id": "dataproc-staging-europe-north1-167984947943-oqqo30p7",
      "kmsKeyName": undefined,
      "location": "EUROPE-NORTH1",
      "name": "dataproc-staging-europe-north1-167984947943-oqqo30p7",
      "public": true,
      "retentionDate": undefined,
      "retentionPeriod": undefined,
      "retentionPolicyEnabled": undefined,
      "storageClass": "STANDARD",
      "uniformBucketLevelAccess": false,
      "updatedOn": 1626785251280,
      "versioningEnabled": false,
      "webLink": "https://console.cloud.google.com/storage/browser/dataproc-staging-europe-north1-167984947943-oqqo30p7;tab=objects?forceOnBucketsSortingFiltering=false&project=j1-gc-integration-dev-v3",
    },
    Object {
      "_class": Array [
        "DataStore",
      ],
      "_key": "bucket:dataproc-staging-us-central1-167984947943-okmnuod7",
      "_rawData": Array [
        Object {
          "name": "default",
          "rawData": Object {
            "etag": "CAc=",
            "iamConfiguration": Object {
              "bucketPolicyOnly": Object {
                "enabled": false,
              },
              "publicAccessPrevention": "inherited",
              "uniformBucketLevelAccess": Object {
                "enabled": false,
              },
            },
            "id": "dataproc-staging-us-central1-167984947943-okmnuod7",
            "kind": "storage#bucket",
            "location": "US-CENTRAL1",
            "locationType": "region",
            "metageneration": "7",
            "name": "dataproc-staging-us-central1-167984947943-okmnuod7",
            "projectNumber": "167984947943",
            "selfLink": "https://www.googleapis.com/storage/v1/b/dataproc-staging-us-central1-167984947943-okmnuod7",
            "storageClass": "STANDARD",
            "timeCreated": "2021-07-20T12:47:10.911Z",
            "updated": "2021-09-08T17:19:48.039Z",
          },
        },
      ],
      "_type": "google_storage_bucket",
      "classification": null,
      "createdOn": 1626785230911,
      "displayName": "dataproc-staging-us-central1-167984947943-okmnuod7",
      "encrypted": true,
      "encryptionKeyRef": undefined,
      "etag": "CAc=",
      "id": "dataproc-staging-us-central1-167984947943-okmnuod7",
      "kmsKeyName": undefined,
      "location": "US-CENTRAL1",
      "name": "dataproc-staging-us-central1-167984947943-okmnuod7",
      "public": true,
      "retentionDate": undefined,
      "retentionPeriod": undefined,
      "retentionPolicyEnabled": undefined,
      "storageClass": "STANDARD",
      "uniformBucketLevelAccess": false,
      "updatedOn": 1631121588039,
      "versioningEnabled": false,
      "webLink": "https://console.cloud.google.com/storage/browser/dataproc-staging-us-central1-167984947943-okmnuod7;tab=objects?forceOnBucketsSortingFiltering=false&project=j1-gc-integration-dev-v3",
    },
    Object {
      "_class": Array [
        "DataStore",
      ],
      "_key": "bucket:dataproc-temp-europe-north1-167984947943-0quq0oz0",
      "_rawData": Array [
        Object {
          "name": "default",
          "rawData": Object {
            "etag": "CAE=",
            "iamConfiguration": Object {
              "bucketPolicyOnly": Object {
                "enabled": false,
              },
              "publicAccessPrevention": "inherited",
              "uniformBucketLevelAccess": Object {
                "enabled": false,
              },
            },
            "id": "dataproc-temp-europe-north1-167984947943-0quq0oz0",
            "kind": "storage#bucket",
            "lifecycle": Object {
              "rule": Array [
                Object {
                  "action": Object {
                    "type": "Delete",
                  },
                  "condition": Object {
                    "age": 90,
                  },
                },
              ],
            },
            "location": "EUROPE-NORTH1",
            "locationType": "region",
            "metageneration": "1",
            "name": "dataproc-temp-europe-north1-167984947943-0quq0oz0",
            "projectNumber": "167984947943",
            "selfLink": "https://www.googleapis.com/storage/v1/b/dataproc-temp-europe-north1-167984947943-0quq0oz0",
            "storageClass": "STANDARD",
            "timeCreated": "2021-07-20T12:47:31.407Z",
            "updated": "2021-07-20T12:47:31.407Z",
          },
        },
      ],
      "_type": "google_storage_bucket",
      "classification": null,
      "createdOn": 1626785251407,
      "displayName": "dataproc-temp-europe-north1-167984947943-0quq0oz0",
      "encrypted": true,
      "encryptionKeyRef": undefined,
      "etag": "CAE=",
      "id": "dataproc-temp-europe-north1-167984947943-0quq0oz0",
      "kmsKeyName": undefined,
      "location": "EUROPE-NORTH1",
      "name": "dataproc-temp-europe-north1-167984947943-0quq0oz0",
      "public": true,
      "retentionDate": undefined,
      "retentionPeriod": undefined,
      "retentionPolicyEnabled": undefined,
      "storageClass": "STANDARD",
      "uniformBucketLevelAccess": false,
      "updatedOn": 1626785251407,
      "versioningEnabled": false,
      "webLink": "https://console.cloud.google.com/storage/browser/dataproc-temp-europe-north1-167984947943-0quq0oz0;tab=objects?forceOnBucketsSortingFiltering=false&project=j1-gc-integration-dev-v3",
    },
    Object {
      "_class": Array [
        "DataStore",
      ],
      "_key": "bucket:dataproc-temp-us-central1-167984947943-c8nlqeyo",
      "_rawData": Array [
        Object {
          "name": "default",
          "rawData": Object {
            "etag": "CAE=",
            "iamConfiguration": Object {
              "bucketPolicyOnly": Object {
                "enabled": false,
              },
              "publicAccessPrevention": "inherited",
              "uniformBucketLevelAccess": Object {
                "enabled": false,
              },
            },
            "id": "dataproc-temp-us-central1-167984947943-c8nlqeyo",
            "kind": "storage#bucket",
            "lifecycle": Object {
              "rule": Array [
                Object {
                  "action": Object {
                    "type": "Delete",
                  },
                  "condition": Object {
                    "age": 90,
                  },
                },
              ],
            },
            "location": "US-CENTRAL1",
            "locationType": "region",
            "metageneration": "1",
            "name": "dataproc-temp-us-central1-167984947943-c8nlqeyo",
            "projectNumber": "167984947943",
            "selfLink": "https://www.googleapis.com/storage/v1/b/dataproc-temp-us-central1-167984947943-c8nlqeyo",
            "storageClass": "STANDARD",
            "timeCreated": "2021-07-20T12:47:10.793Z",
            "updated": "2021-07-20T12:47:10.793Z",
          },
        },
      ],
      "_type": "google_storage_bucket",
      "classification": null,
      "createdOn": 1626785230793,
      "displayName": "dataproc-temp-us-central1-167984947943-c8nlqeyo",
      "encrypted": true,
      "encryptionKeyRef": undefined,
      "etag": "CAE=",
      "id": "dataproc-temp-us-central1-167984947943-c8nlqeyo",
      "kmsKeyName": undefined,
      "location": "US-CENTRAL1",
      "name": "dataproc-temp-us-central1-167984947943-c8nlqeyo",
      "public": true,
      "retentionDate": undefined,
      "retentionPeriod": undefined,
      "retentionPolicyEnabled": undefined,
      "storageClass": "STANDARD",
      "uniformBucketLevelAccess": false,
      "updatedOn": 1626785230793,
      "versioningEnabled": false,
      "webLink": "https://console.cloud.google.com/storage/browser/dataproc-temp-us-central1-167984947943-c8nlqeyo;tab=objects?forceOnBucketsSortingFiltering=false&project=j1-gc-integration-dev-v3",
    },
    Object {
      "_class": Array [
        "DataStore",
      ],
      "_key": "bucket:gcf-sources-167984947943-us-central1",
      "_rawData": Array [
        Object {
          "name": "default",
          "rawData": Object {
            "cors": Array [
              Object {
                "method": Array [
                  "GET",
                ],
                "origin": Array [
                  "https://*.cloud.google.com",
                  "https://*.corp.google.com",
                  "https://*.corp.google.com:*",
                ],
              },
            ],
            "etag": "CAE=",
            "iamConfiguration": Object {
              "bucketPolicyOnly": Object {
                "enabled": true,
                "lockedTime": "2021-08-29T16:26:23.272Z",
              },
              "publicAccessPrevention": "inherited",
              "uniformBucketLevelAccess": Object {
                "enabled": true,
                "lockedTime": "2021-08-29T16:26:23.272Z",
              },
            },
            "id": "gcf-sources-167984947943-us-central1",
            "kind": "storage#bucket",
            "location": "US-CENTRAL1",
            "locationType": "region",
            "metageneration": "1",
            "name": "gcf-sources-167984947943-us-central1",
            "projectNumber": "167984947943",
            "selfLink": "https://www.googleapis.com/storage/v1/b/gcf-sources-167984947943-us-central1",
            "storageClass": "STANDARD",
            "timeCreated": "2021-05-31T16:26:23.272Z",
            "updated": "2021-05-31T16:26:23.272Z",
          },
        },
      ],
      "_type": "google_storage_bucket",
      "classification": null,
      "createdOn": 1622478383272,
      "displayName": "gcf-sources-167984947943-us-central1",
      "encrypted": true,
      "encryptionKeyRef": undefined,
      "etag": "CAE=",
      "id": "gcf-sources-167984947943-us-central1",
      "kmsKeyName": undefined,
      "location": "US-CENTRAL1",
      "name": "gcf-sources-167984947943-us-central1",
      "public": false,
      "retentionDate": undefined,
      "retentionPeriod": undefined,
      "retentionPolicyEnabled": undefined,
      "storageClass": "STANDARD",
      "uniformBucketLevelAccess": true,
      "updatedOn": 1622478383272,
      "versioningEnabled": false,
      "webLink": "https://console.cloud.google.com/storage/browser/gcf-sources-167984947943-us-central1;tab=objects?forceOnBucketsSortingFiltering=false&project=j1-gc-integration-dev-v3",
    },
    Object {
      "_class": Array [
        "DataStore",
      ],
      "_key": "bucket:j1-gc-integration-dev-v3-sink-logging-bucket",
      "_rawData": Array [
        Object {
          "name": "default",
          "rawData": Object {
            "etag": "CAE=",
            "iamConfiguration": Object {
              "bucketPolicyOnly": Object {
                "enabled": false,
              },
              "publicAccessPrevention": "inherited",
              "uniformBucketLevelAccess": Object {
                "enabled": false,
              },
            },
            "id": "j1-gc-integration-dev-v3-sink-logging-bucket",
            "kind": "storage#bucket",
            "location": "US",
            "locationType": "multi-region",
            "metageneration": "1",
            "name": "j1-gc-integration-dev-v3-sink-logging-bucket",
            "projectNumber": "167984947943",
            "rpo": "DEFAULT",
            "selfLink": "https://www.googleapis.com/storage/v1/b/j1-gc-integration-dev-v3-sink-logging-bucket",
            "storageClass": "STANDARD",
            "timeCreated": "2021-05-31T16:25:51.614Z",
            "updated": "2021-05-31T16:25:51.614Z",
          },
        },
      ],
      "_type": "google_storage_bucket",
      "classification": null,
      "createdOn": 1622478351614,
      "displayName": "j1-gc-integration-dev-v3-sink-logging-bucket",
      "encrypted": true,
      "encryptionKeyRef": undefined,
      "etag": "CAE=",
      "id": "j1-gc-integration-dev-v3-sink-logging-bucket",
      "kmsKeyName": undefined,
      "location": "US",
      "name": "j1-gc-integration-dev-v3-sink-logging-bucket",
      "public": true,
      "retentionDate": undefined,
      "retentionPeriod": undefined,
      "retentionPolicyEnabled": undefined,
      "storageClass": "STANDARD",
      "uniformBucketLevelAccess": false,
      "updatedOn": 1622478351614,
      "versioningEnabled": false,
      "webLink": "https://console.cloud.google.com/storage/browser/j1-gc-integration-dev-v3-sink-logging-bucket;tab=objects?forceOnBucketsSortingFiltering=false&project=j1-gc-integration-dev-v3",
    },
    Object {
      "_class": Array [
        "DataStore",
      ],
      "_key": "bucket:j1-gc-integration-dev-v3-super-secret-stuff",
      "_rawData": Array [
        Object {
          "name": "default",
          "rawData": Object {
            "defaultEventBasedHold": false,
            "etag": "CAw=",
            "iamConfiguration": Object {
              "bucketPolicyOnly": Object {
                "enabled": false,
              },
              "publicAccessPrevention": "inherited",
              "uniformBucketLevelAccess": Object {
                "enabled": false,
              },
            },
            "id": "j1-gc-integration-dev-v3-super-secret-stuff",
            "kind": "storage#bucket",
            "location": "US",
            "locationType": "multi-region",
            "metageneration": "12",
            "name": "j1-gc-integration-dev-v3-super-secret-stuff",
            "projectNumber": "167984947943",
            "rpo": "DEFAULT",
            "satisfiesPZS": false,
            "selfLink": "https://www.googleapis.com/storage/v1/b/j1-gc-integration-dev-v3-super-secret-stuff",
            "storageClass": "STANDARD",
            "timeCreated": "2021-09-13T22:56:02.534Z",
            "updated": "2021-10-27T18:29:52.571Z",
          },
        },
      ],
      "_type": "google_storage_bucket",
      "classification": null,
      "createdOn": 1631573762534,
      "displayName": "j1-gc-integration-dev-v3-super-secret-stuff",
      "encrypted": true,
      "encryptionKeyRef": undefined,
      "etag": "CAw=",
      "id": "j1-gc-integration-dev-v3-super-secret-stuff",
      "kmsKeyName": undefined,
      "location": "US",
      "name": "j1-gc-integration-dev-v3-super-secret-stuff",
      "public": true,
      "retentionDate": undefined,
      "retentionPeriod": undefined,
      "retentionPolicyEnabled": undefined,
      "storageClass": "STANDARD",
      "uniformBucketLevelAccess": false,
      "updatedOn": 1635359392571,
      "versioningEnabled": false,
      "webLink": "https://console.cloud.google.com/storage/browser/j1-gc-integration-dev-v3-super-secret-stuff;tab=objects?forceOnBucketsSortingFiltering=false&project=j1-gc-integration-dev-v3",
    },
    Object {
      "_class": Array [
        "DataStore",
      ],
      "_key": "bucket:j1-gc-integration-dev-v3-test-tf-bucket",
      "_rawData": Array [
        Object {
          "name": "default",
          "rawData": Object {
            "etag": "CAI=",
            "iamConfiguration": Object {
              "bucketPolicyOnly": Object {
                "enabled": false,
              },
              "publicAccessPrevention": "enforced",
              "uniformBucketLevelAccess": Object {
                "enabled": false,
              },
            },
            "id": "j1-gc-integration-dev-v3-test-tf-bucket",
            "kind": "storage#bucket",
            "location": "US",
            "locationType": "multi-region",
            "metageneration": "2",
            "name": "j1-gc-integration-dev-v3-test-tf-bucket",
            "projectNumber": "167984947943",
            "rpo": "DEFAULT",
            "selfLink": "https://www.googleapis.com/storage/v1/b/j1-gc-integration-dev-v3-test-tf-bucket",
            "storageClass": "STANDARD",
            "timeCreated": "2021-07-22T13:15:31.543Z",
            "updated": "2022-02-07T12:41:33.448Z",
          },
        },
      ],
      "_type": "google_storage_bucket",
      "classification": null,
      "createdOn": 1626959731543,
      "displayName": "j1-gc-integration-dev-v3-test-tf-bucket",
      "encrypted": true,
      "encryptionKeyRef": undefined,
      "etag": "CAI=",
      "id": "j1-gc-integration-dev-v3-test-tf-bucket",
      "kmsKeyName": undefined,
      "location": "US",
      "name": "j1-gc-integration-dev-v3-test-tf-bucket",
      "public": true,
      "retentionDate": undefined,
      "retentionPeriod": undefined,
      "retentionPolicyEnabled": undefined,
      "storageClass": "STANDARD",
      "uniformBucketLevelAccess": false,
      "updatedOn": 1644237693448,
      "versioningEnabled": false,
      "webLink": "https://console.cloud.google.com/storage/browser/j1-gc-integration-dev-v3-test-tf-bucket;tab=objects?forceOnBucketsSortingFiltering=false&project=j1-gc-integration-dev-v3",
    },
    Object {
      "_class": Array [
        "DataStore",
      ],
      "_key": "bucket:j1-gc-integration-dev-v3cloudfunctions",
      "_rawData": Array [
        Object {
          "name": "default",
          "rawData": Object {
            "etag": "CAU=",
            "iamConfiguration": Object {
              "bucketPolicyOnly": Object {
                "enabled": false,
              },
              "publicAccessPrevention": "inherited",
              "uniformBucketLevelAccess": Object {
                "enabled": false,
              },
            },
            "id": "j1-gc-integration-dev-v3cloudfunctions",
            "kind": "storage#bucket",
            "location": "US",
            "locationType": "multi-region",
            "metageneration": "5",
            "name": "j1-gc-integration-dev-v3cloudfunctions",
            "projectNumber": "167984947943",
            "rpo": "DEFAULT",
            "selfLink": "https://www.googleapis.com/storage/v1/b/j1-gc-integration-dev-v3cloudfunctions",
            "storageClass": "STANDARD",
            "timeCreated": "2021-05-31T16:25:44.251Z",
            "updated": "2021-09-13T17:25:24.390Z",
          },
        },
      ],
      "_type": "google_storage_bucket",
      "classification": null,
      "createdOn": 1622478344251,
      "displayName": "j1-gc-integration-dev-v3cloudfunctions",
      "encrypted": true,
      "encryptionKeyRef": undefined,
      "etag": "CAU=",
      "id": "j1-gc-integration-dev-v3cloudfunctions",
      "kmsKeyName": undefined,
      "location": "US",
      "name": "j1-gc-integration-dev-v3cloudfunctions",
      "public": true,
      "retentionDate": undefined,
      "retentionPeriod": undefined,
      "retentionPolicyEnabled": undefined,
      "storageClass": "STANDARD",
      "uniformBucketLevelAccess": false,
      "updatedOn": 1631553924390,
      "versioningEnabled": false,
      "webLink": "https://console.cloud.google.com/storage/browser/j1-gc-integration-dev-v3cloudfunctions;tab=objects?forceOnBucketsSortingFiltering=false&project=j1-gc-integration-dev-v3",
    },
    Object {
      "_class": Array [
        "DataStore",
      ],
      "_key": "bucket:us.artifacts.j1-gc-integration-dev-v3.appspot.com",
      "_rawData": Array [
        Object {
          "name": "default",
          "rawData": Object {
            "etag": "CAE=",
            "iamConfiguration": Object {
              "bucketPolicyOnly": Object {
                "enabled": false,
              },
              "publicAccessPrevention": "inherited",
              "uniformBucketLevelAccess": Object {
                "enabled": false,
              },
            },
            "id": "us.artifacts.j1-gc-integration-dev-v3.appspot.com",
            "kind": "storage#bucket",
            "location": "US",
            "locationType": "multi-region",
            "metageneration": "1",
            "name": "us.artifacts.j1-gc-integration-dev-v3.appspot.com",
            "projectNumber": "167984947943",
            "rpo": "DEFAULT",
            "selfLink": "https://www.googleapis.com/storage/v1/b/us.artifacts.j1-gc-integration-dev-v3.appspot.com",
            "storageClass": "STANDARD",
            "timeCreated": "2021-05-31T16:35:42.461Z",
            "updated": "2021-05-31T16:35:42.461Z",
          },
        },
      ],
      "_type": "google_storage_bucket",
      "classification": null,
      "createdOn": 1622478942461,
      "displayName": "us.artifacts.j1-gc-integration-dev-v3.appspot.com",
      "encrypted": true,
      "encryptionKeyRef": undefined,
      "etag": "CAE=",
      "id": "us.artifacts.j1-gc-integration-dev-v3.appspot.com",
      "kmsKeyName": undefined,
      "location": "US",
      "name": "us.artifacts.j1-gc-integration-dev-v3.appspot.com",
      "public": true,
      "retentionDate": undefined,
      "retentionPeriod": undefined,
      "retentionPolicyEnabled": undefined,
      "storageClass": "STANDARD",
      "uniformBucketLevelAccess": false,
      "updatedOn": 1622478942461,
      "versioningEnabled": false,
      "webLink": "https://console.cloud.google.com/storage/browser/us.artifacts.j1-gc-integration-dev-v3.appspot.com;tab=objects?forceOnBucketsSortingFiltering=false&project=j1-gc-integration-dev-v3",
    },
  ],
  "collectedRelationships": Array [],
  "encounteredTypes": Array [
    "google_storage_bucket",
  ],
  "numCollectedEntities": 10,
  "numCollectedRelationships": 0,
}
`;
