// Jest Snapshot v1, https://goo.gl/fbAQLP

exports[`#fetchResourceManagerIamPolicy should collect data 1`] = `
Object {
  "collectedEntities": Array [
    Object {
      "_class": Array [
        "AccessRole",
      ],
      "_key": "project:j1-gc-integration-dev-role:projects/j1-gc-integration-dev/roles/545240943112customrole",
      "_rawData": Array [
        Object {
          "name": "default",
          "rawData": Object {
            "description": "My description",
            "etag": "BwWsEa2N+wo=",
            "includedPermissions": Array [
              "cloudfunctions.functions.get",
              "cloudfunctions.functions.getIamPolicy",
            ],
            "name": "projects/j1-gc-integration-dev/roles/545240943112customrole",
            "stage": "GA",
            "title": "GA custom role",
          },
        },
      ],
      "_type": "google_cloud_iam_role",
      "createdOn": undefined,
      "custom": true,
      "deleted": false,
      "description": "My description",
      "displayName": "GA custom role",
      "etag": "BwWsEa2N+wo=",
      "name": "projects/j1-gc-integration-dev/roles/545240943112customrole",
      "permissions": Array [
        "cloudfunctions.functions.get",
        "cloudfunctions.functions.getIamPolicy",
      ],
      "stage": "GA",
    },
    Object {
      "_class": Array [
        "AccessRole",
      ],
      "_key": "project:j1-gc-integration-dev-role:projects/j1-gc-integration-dev/roles/545240943112customroleconditions",
      "_rawData": Array [
        Object {
          "name": "default",
          "rawData": Object {
            "description": "My description",
            "etag": "BwWsi7nEaus=",
            "includedPermissions": Array [
              "cloudfunctions.functions.list",
            ],
            "name": "projects/j1-gc-integration-dev/roles/545240943112customroleconditions",
            "stage": "GA",
            "title": "GA custom role conditions",
          },
        },
      ],
      "_type": "google_cloud_iam_role",
      "createdOn": undefined,
      "custom": true,
      "deleted": false,
      "description": "My description",
      "displayName": "GA custom role conditions",
      "etag": "BwWsi7nEaus=",
      "name": "projects/j1-gc-integration-dev/roles/545240943112customroleconditions",
      "permissions": Array [
        "cloudfunctions.functions.list",
      ],
      "stage": "GA",
    },
    Object {
      "_class": Array [
        "User",
      ],
      "_key": "project:j1-gc-integration-dev-user:j1-gc-integration-dev-sa@j1-gc-integration-dev.iam.gserviceaccount.com",
      "_rawData": Array [
        Object {
          "name": "default",
          "rawData": Object {
            "description": "J1 Google Cloud integration execution",
            "email": "j1-gc-integration-dev-sa@j1-gc-integration-dev.iam.gserviceaccount.com",
            "etag": "MDEwMjE5MjA=",
            "name": "projects/j1-gc-integration-dev/serviceAccounts/j1-gc-integration-dev-sa@j1-gc-integration-dev.iam.gserviceaccount.com",
            "oauth2ClientId": "116742477893551302665",
            "projectId": "j1-gc-integration-dev",
            "uniqueId": "116742477893551302665",
          },
        },
      ],
      "_type": "google_cloud_iam_service_account",
      "createdOn": undefined,
      "description": "J1 Google Cloud integration execution",
      "displayName": "projects/j1-gc-integration-dev/serviceAccounts/j1-gc-integration-dev-sa@j1-gc-integration-dev.iam.gserviceaccount.com",
      "email": "j1-gc-integration-dev-sa@j1-gc-integration-dev.iam.gserviceaccount.com",
      "enabled": true,
      "etag": "MDEwMjE5MjA=",
      "id": "116742477893551302665",
      "name": "projects/j1-gc-integration-dev/serviceAccounts/j1-gc-integration-dev-sa@j1-gc-integration-dev.iam.gserviceaccount.com",
      "oauth2ClientId": "116742477893551302665",
      "projectId": "j1-gc-integration-dev",
      "username": "j1-gc-integration-dev-sa@j1-gc-integration-dev.iam.gserviceaccount.com",
      "webLink": "https://console.cloud.google.com/iam-admin/serviceaccounts/details/116742477893551302665?orgonly=true&project=j1-gc-integration-dev&supportedpurview=organizationId",
    },
    Object {
      "_class": Array [
        "AccessKey",
      ],
      "_key": "google_cloud_iam_service_account_key_projects/j1-gc-integration-dev/serviceAccounts/j1-gc-integration-dev-sa@j1-gc-integration-dev.iam.gserviceaccount.com/keys/de7697bdb8db9a94087fc9ded15cf9591c642f33",
      "_rawData": Array [
        Object {
          "name": "default",
          "rawData": Object {
            "keyAlgorithm": "KEY_ALG_RSA_2048",
            "keyOrigin": "GOOGLE_PROVIDED",
            "keyType": "SYSTEM_MANAGED",
            "name": "projects/j1-gc-integration-dev/serviceAccounts/j1-gc-integration-dev-sa@j1-gc-integration-dev.iam.gserviceaccount.com/keys/de7697bdb8db9a94087fc9ded15cf9591c642f33",
            "validAfterTime": "2020-07-27T15:16:03Z",
            "validBeforeTime": "2020-08-13T15:16:03Z",
          },
        },
      ],
      "_type": "google_cloud_iam_service_account_key",
      "algorithm": "KEY_ALG_RSA_2048",
      "createdOn": 1595862963000,
      "displayName": "projects/j1-gc-integration-dev/serviceAccounts/j1-gc-integration-dev-sa@j1-gc-integration-dev.iam.gserviceaccount.com/keys/de7697bdb8db9a94087fc9ded15cf9591c642f33",
      "expiresOn": 1597331763000,
      "name": "projects/j1-gc-integration-dev/serviceAccounts/j1-gc-integration-dev-sa@j1-gc-integration-dev.iam.gserviceaccount.com/keys/de7697bdb8db9a94087fc9ded15cf9591c642f33",
      "origin": "GOOGLE_PROVIDED",
      "type": "SYSTEM_MANAGED",
      "webLink": "https://console.cloud.google.com/iam-admin/serviceaccounts/details/116742477893551302665?orgonly=true&project=j1-gc-integration-dev&supportedpurview=organizationId",
    },
    Object {
      "_class": Array [
        "AccessKey",
      ],
      "_key": "google_cloud_iam_service_account_key_projects/j1-gc-integration-dev/serviceAccounts/j1-gc-integration-dev-sa@j1-gc-integration-dev.iam.gserviceaccount.com/keys/15f83ab56984ab7006f3e8e7e15ebf1e290b10b9",
      "_rawData": Array [
        Object {
          "name": "default",
          "rawData": Object {
            "keyAlgorithm": "KEY_ALG_RSA_2048",
            "keyOrigin": "GOOGLE_PROVIDED",
            "keyType": "SYSTEM_MANAGED",
            "name": "projects/j1-gc-integration-dev/serviceAccounts/j1-gc-integration-dev-sa@j1-gc-integration-dev.iam.gserviceaccount.com/keys/15f83ab56984ab7006f3e8e7e15ebf1e290b10b9",
            "validAfterTime": "2020-08-05T15:16:03Z",
            "validBeforeTime": "2020-08-21T15:16:03Z",
          },
        },
      ],
      "_type": "google_cloud_iam_service_account_key",
      "algorithm": "KEY_ALG_RSA_2048",
      "createdOn": 1596640563000,
      "displayName": "projects/j1-gc-integration-dev/serviceAccounts/j1-gc-integration-dev-sa@j1-gc-integration-dev.iam.gserviceaccount.com/keys/15f83ab56984ab7006f3e8e7e15ebf1e290b10b9",
      "expiresOn": 1598022963000,
      "name": "projects/j1-gc-integration-dev/serviceAccounts/j1-gc-integration-dev-sa@j1-gc-integration-dev.iam.gserviceaccount.com/keys/15f83ab56984ab7006f3e8e7e15ebf1e290b10b9",
      "origin": "GOOGLE_PROVIDED",
      "type": "SYSTEM_MANAGED",
      "webLink": "https://console.cloud.google.com/iam-admin/serviceaccounts/details/116742477893551302665?orgonly=true&project=j1-gc-integration-dev&supportedpurview=organizationId",
    },
    Object {
      "_class": Array [
        "AccessKey",
      ],
      "_key": "google_cloud_iam_service_account_key_projects/j1-gc-integration-dev/serviceAccounts/j1-gc-integration-dev-sa@j1-gc-integration-dev.iam.gserviceaccount.com/keys/7163349ab1e93ce505f6b8674518d2632c2de163",
      "_rawData": Array [
        Object {
          "name": "default",
          "rawData": Object {
            "keyAlgorithm": "KEY_ALG_RSA_2048",
            "keyOrigin": "GOOGLE_PROVIDED",
            "keyType": "USER_MANAGED",
            "name": "projects/j1-gc-integration-dev/serviceAccounts/j1-gc-integration-dev-sa@j1-gc-integration-dev.iam.gserviceaccount.com/keys/7163349ab1e93ce505f6b8674518d2632c2de163",
            "validAfterTime": "2020-07-28T16:07:05Z",
            "validBeforeTime": "9999-12-31T23:59:59Z",
          },
        },
      ],
      "_type": "google_cloud_iam_service_account_key",
      "algorithm": "KEY_ALG_RSA_2048",
      "createdOn": 1595952425000,
      "displayName": "projects/j1-gc-integration-dev/serviceAccounts/j1-gc-integration-dev-sa@j1-gc-integration-dev.iam.gserviceaccount.com/keys/7163349ab1e93ce505f6b8674518d2632c2de163",
      "expiresOn": 253402300799000,
      "name": "projects/j1-gc-integration-dev/serviceAccounts/j1-gc-integration-dev-sa@j1-gc-integration-dev.iam.gserviceaccount.com/keys/7163349ab1e93ce505f6b8674518d2632c2de163",
      "origin": "GOOGLE_PROVIDED",
      "type": "USER_MANAGED",
      "webLink": "https://console.cloud.google.com/iam-admin/serviceaccounts/details/116742477893551302665?orgonly=true&project=j1-gc-integration-dev&supportedpurview=organizationId",
    },
    Object {
      "_class": Array [
        "User",
      ],
      "_key": "project:j1-gc-integration-dev-user:j1-gc-integration-dev@appspot.gserviceaccount.com",
      "_rawData": Array [
        Object {
          "name": "default",
          "rawData": Object {
            "displayName": "App Engine default service account",
            "email": "j1-gc-integration-dev@appspot.gserviceaccount.com",
            "etag": "MDEwMjE5MjA=",
            "name": "projects/j1-gc-integration-dev/serviceAccounts/j1-gc-integration-dev@appspot.gserviceaccount.com",
            "oauth2ClientId": "117962362686380350362",
            "projectId": "j1-gc-integration-dev",
            "uniqueId": "117962362686380350362",
          },
        },
      ],
      "_type": "google_cloud_iam_service_account",
      "createdOn": undefined,
      "description": undefined,
      "displayName": "App Engine default service account",
      "email": "j1-gc-integration-dev@appspot.gserviceaccount.com",
      "enabled": true,
      "etag": "MDEwMjE5MjA=",
      "id": "117962362686380350362",
      "name": "projects/j1-gc-integration-dev/serviceAccounts/j1-gc-integration-dev@appspot.gserviceaccount.com",
      "oauth2ClientId": "117962362686380350362",
      "projectId": "j1-gc-integration-dev",
      "username": "j1-gc-integration-dev@appspot.gserviceaccount.com",
      "webLink": "https://console.cloud.google.com/iam-admin/serviceaccounts/details/117962362686380350362?orgonly=true&project=j1-gc-integration-dev&supportedpurview=organizationId",
    },
    Object {
      "_class": Array [
        "AccessKey",
      ],
      "_key": "google_cloud_iam_service_account_key_projects/j1-gc-integration-dev/serviceAccounts/j1-gc-integration-dev@appspot.gserviceaccount.com/keys/cbe01fa2a9141d0b1149940063debacd486f223a",
      "_rawData": Array [
        Object {
          "name": "default",
          "rawData": Object {
            "keyAlgorithm": "KEY_ALG_RSA_2048",
            "keyOrigin": "GOOGLE_PROVIDED",
            "keyType": "SYSTEM_MANAGED",
            "name": "projects/j1-gc-integration-dev/serviceAccounts/j1-gc-integration-dev@appspot.gserviceaccount.com/keys/cbe01fa2a9141d0b1149940063debacd486f223a",
            "validAfterTime": "2020-07-27T15:16:03Z",
            "validBeforeTime": "2020-08-13T15:16:03Z",
          },
        },
      ],
      "_type": "google_cloud_iam_service_account_key",
      "algorithm": "KEY_ALG_RSA_2048",
      "createdOn": 1595862963000,
      "displayName": "projects/j1-gc-integration-dev/serviceAccounts/j1-gc-integration-dev@appspot.gserviceaccount.com/keys/cbe01fa2a9141d0b1149940063debacd486f223a",
      "expiresOn": 1597331763000,
      "name": "projects/j1-gc-integration-dev/serviceAccounts/j1-gc-integration-dev@appspot.gserviceaccount.com/keys/cbe01fa2a9141d0b1149940063debacd486f223a",
      "origin": "GOOGLE_PROVIDED",
      "type": "SYSTEM_MANAGED",
      "webLink": "https://console.cloud.google.com/iam-admin/serviceaccounts/details/117962362686380350362?orgonly=true&project=j1-gc-integration-dev&supportedpurview=organizationId",
    },
    Object {
      "_class": Array [
        "AccessKey",
      ],
      "_key": "google_cloud_iam_service_account_key_projects/j1-gc-integration-dev/serviceAccounts/j1-gc-integration-dev@appspot.gserviceaccount.com/keys/0c11d8b3cd680084f325e2fdf60c69fa8e45db13",
      "_rawData": Array [
        Object {
          "name": "default",
          "rawData": Object {
            "keyAlgorithm": "KEY_ALG_RSA_2048",
            "keyOrigin": "GOOGLE_PROVIDED",
            "keyType": "SYSTEM_MANAGED",
            "name": "projects/j1-gc-integration-dev/serviceAccounts/j1-gc-integration-dev@appspot.gserviceaccount.com/keys/0c11d8b3cd680084f325e2fdf60c69fa8e45db13",
            "validAfterTime": "2020-08-05T15:16:03Z",
            "validBeforeTime": "2020-08-21T15:16:03Z",
          },
        },
      ],
      "_type": "google_cloud_iam_service_account_key",
      "algorithm": "KEY_ALG_RSA_2048",
      "createdOn": 1596640563000,
      "displayName": "projects/j1-gc-integration-dev/serviceAccounts/j1-gc-integration-dev@appspot.gserviceaccount.com/keys/0c11d8b3cd680084f325e2fdf60c69fa8e45db13",
      "expiresOn": 1598022963000,
      "name": "projects/j1-gc-integration-dev/serviceAccounts/j1-gc-integration-dev@appspot.gserviceaccount.com/keys/0c11d8b3cd680084f325e2fdf60c69fa8e45db13",
      "origin": "GOOGLE_PROVIDED",
      "type": "SYSTEM_MANAGED",
      "webLink": "https://console.cloud.google.com/iam-admin/serviceaccounts/details/117962362686380350362?orgonly=true&project=j1-gc-integration-dev&supportedpurview=organizationId",
    },
    Object {
      "_class": Array [
        "User",
      ],
      "_key": "project:j1-gc-integration-dev-user:j1-gc-integration-dev-sa-tf@j1-gc-integration-dev.iam.gserviceaccount.com",
      "_rawData": Array [
        Object {
          "name": "default",
          "rawData": Object {
            "description": "J1 Google Cloud integration Terraform setup",
            "email": "j1-gc-integration-dev-sa-tf@j1-gc-integration-dev.iam.gserviceaccount.com",
            "etag": "MDEwMjE5MjA=",
            "name": "projects/j1-gc-integration-dev/serviceAccounts/j1-gc-integration-dev-sa-tf@j1-gc-integration-dev.iam.gserviceaccount.com",
            "oauth2ClientId": "116674556692942636222",
            "projectId": "j1-gc-integration-dev",
            "uniqueId": "116674556692942636222",
          },
        },
      ],
      "_type": "google_cloud_iam_service_account",
      "createdOn": undefined,
      "description": "J1 Google Cloud integration Terraform setup",
      "displayName": "projects/j1-gc-integration-dev/serviceAccounts/j1-gc-integration-dev-sa-tf@j1-gc-integration-dev.iam.gserviceaccount.com",
      "email": "j1-gc-integration-dev-sa-tf@j1-gc-integration-dev.iam.gserviceaccount.com",
      "enabled": true,
      "etag": "MDEwMjE5MjA=",
      "id": "116674556692942636222",
      "name": "projects/j1-gc-integration-dev/serviceAccounts/j1-gc-integration-dev-sa-tf@j1-gc-integration-dev.iam.gserviceaccount.com",
      "oauth2ClientId": "116674556692942636222",
      "projectId": "j1-gc-integration-dev",
      "username": "j1-gc-integration-dev-sa-tf@j1-gc-integration-dev.iam.gserviceaccount.com",
      "webLink": "https://console.cloud.google.com/iam-admin/serviceaccounts/details/116674556692942636222?orgonly=true&project=j1-gc-integration-dev&supportedpurview=organizationId",
    },
    Object {
      "_class": Array [
        "AccessKey",
      ],
      "_key": "google_cloud_iam_service_account_key_projects/j1-gc-integration-dev/serviceAccounts/j1-gc-integration-dev-sa-tf@j1-gc-integration-dev.iam.gserviceaccount.com/keys/4378956e6e44f8ec9dcf6cdde8caa4c6d012dee8",
      "_rawData": Array [
        Object {
          "name": "default",
          "rawData": Object {
            "keyAlgorithm": "KEY_ALG_RSA_2048",
            "keyOrigin": "GOOGLE_PROVIDED",
            "keyType": "SYSTEM_MANAGED",
            "name": "projects/j1-gc-integration-dev/serviceAccounts/j1-gc-integration-dev-sa-tf@j1-gc-integration-dev.iam.gserviceaccount.com/keys/4378956e6e44f8ec9dcf6cdde8caa4c6d012dee8",
            "validAfterTime": "2020-07-27T18:05:19Z",
            "validBeforeTime": "2020-08-13T18:05:19Z",
          },
        },
      ],
      "_type": "google_cloud_iam_service_account_key",
      "algorithm": "KEY_ALG_RSA_2048",
      "createdOn": 1595873119000,
      "displayName": "projects/j1-gc-integration-dev/serviceAccounts/j1-gc-integration-dev-sa-tf@j1-gc-integration-dev.iam.gserviceaccount.com/keys/4378956e6e44f8ec9dcf6cdde8caa4c6d012dee8",
      "expiresOn": 1597341919000,
      "name": "projects/j1-gc-integration-dev/serviceAccounts/j1-gc-integration-dev-sa-tf@j1-gc-integration-dev.iam.gserviceaccount.com/keys/4378956e6e44f8ec9dcf6cdde8caa4c6d012dee8",
      "origin": "GOOGLE_PROVIDED",
      "type": "SYSTEM_MANAGED",
      "webLink": "https://console.cloud.google.com/iam-admin/serviceaccounts/details/116674556692942636222?orgonly=true&project=j1-gc-integration-dev&supportedpurview=organizationId",
    },
    Object {
      "_class": Array [
        "AccessKey",
      ],
      "_key": "google_cloud_iam_service_account_key_projects/j1-gc-integration-dev/serviceAccounts/j1-gc-integration-dev-sa-tf@j1-gc-integration-dev.iam.gserviceaccount.com/keys/4534f28f45de1f72d12b4a4e85ff0972b4f96dee",
      "_rawData": Array [
        Object {
          "name": "default",
          "rawData": Object {
            "keyAlgorithm": "KEY_ALG_RSA_2048",
            "keyOrigin": "GOOGLE_PROVIDED",
            "keyType": "SYSTEM_MANAGED",
            "name": "projects/j1-gc-integration-dev/serviceAccounts/j1-gc-integration-dev-sa-tf@j1-gc-integration-dev.iam.gserviceaccount.com/keys/4534f28f45de1f72d12b4a4e85ff0972b4f96dee",
            "validAfterTime": "2020-08-05T18:05:19Z",
            "validBeforeTime": "2020-08-21T18:05:19Z",
          },
        },
      ],
      "_type": "google_cloud_iam_service_account_key",
      "algorithm": "KEY_ALG_RSA_2048",
      "createdOn": 1596650719000,
      "displayName": "projects/j1-gc-integration-dev/serviceAccounts/j1-gc-integration-dev-sa-tf@j1-gc-integration-dev.iam.gserviceaccount.com/keys/4534f28f45de1f72d12b4a4e85ff0972b4f96dee",
      "expiresOn": 1598033119000,
      "name": "projects/j1-gc-integration-dev/serviceAccounts/j1-gc-integration-dev-sa-tf@j1-gc-integration-dev.iam.gserviceaccount.com/keys/4534f28f45de1f72d12b4a4e85ff0972b4f96dee",
      "origin": "GOOGLE_PROVIDED",
      "type": "SYSTEM_MANAGED",
      "webLink": "https://console.cloud.google.com/iam-admin/serviceaccounts/details/116674556692942636222?orgonly=true&project=j1-gc-integration-dev&supportedpurview=organizationId",
    },
    Object {
      "_class": Array [
        "AccessKey",
      ],
      "_key": "google_cloud_iam_service_account_key_projects/j1-gc-integration-dev/serviceAccounts/j1-gc-integration-dev-sa-tf@j1-gc-integration-dev.iam.gserviceaccount.com/keys/d784e4aa665fab66d5f5f555d9fa610ab30a0879",
      "_rawData": Array [
        Object {
          "name": "default",
          "rawData": Object {
            "keyAlgorithm": "KEY_ALG_RSA_2048",
            "keyOrigin": "GOOGLE_PROVIDED",
            "keyType": "USER_MANAGED",
            "name": "projects/j1-gc-integration-dev/serviceAccounts/j1-gc-integration-dev-sa-tf@j1-gc-integration-dev.iam.gserviceaccount.com/keys/d784e4aa665fab66d5f5f555d9fa610ab30a0879",
            "validAfterTime": "2020-07-28T18:07:01Z",
            "validBeforeTime": "9999-12-31T23:59:59Z",
          },
        },
      ],
      "_type": "google_cloud_iam_service_account_key",
      "algorithm": "KEY_ALG_RSA_2048",
      "createdOn": 1595959621000,
      "displayName": "projects/j1-gc-integration-dev/serviceAccounts/j1-gc-integration-dev-sa-tf@j1-gc-integration-dev.iam.gserviceaccount.com/keys/d784e4aa665fab66d5f5f555d9fa610ab30a0879",
      "expiresOn": 253402300799000,
      "name": "projects/j1-gc-integration-dev/serviceAccounts/j1-gc-integration-dev-sa-tf@j1-gc-integration-dev.iam.gserviceaccount.com/keys/d784e4aa665fab66d5f5f555d9fa610ab30a0879",
      "origin": "GOOGLE_PROVIDED",
      "type": "USER_MANAGED",
      "webLink": "https://console.cloud.google.com/iam-admin/serviceaccounts/details/116674556692942636222?orgonly=true&project=j1-gc-integration-dev&supportedpurview=organizationId",
    },
    Object {
      "_class": Array [
        "AccessKey",
      ],
      "_key": "google_cloud_iam_service_account_key_projects/j1-gc-integration-dev/serviceAccounts/j1-gc-integration-dev-sa-tf@j1-gc-integration-dev.iam.gserviceaccount.com/keys/713b2de79725dff2367a4622ce0810f411976090",
      "_rawData": Array [
        Object {
          "name": "default",
          "rawData": Object {
            "keyAlgorithm": "KEY_ALG_RSA_2048",
            "keyOrigin": "GOOGLE_PROVIDED",
            "keyType": "USER_MANAGED",
            "name": "projects/j1-gc-integration-dev/serviceAccounts/j1-gc-integration-dev-sa-tf@j1-gc-integration-dev.iam.gserviceaccount.com/keys/713b2de79725dff2367a4622ce0810f411976090",
            "validAfterTime": "2020-07-28T18:07:37Z",
            "validBeforeTime": "9999-12-31T23:59:59Z",
          },
        },
      ],
      "_type": "google_cloud_iam_service_account_key",
      "algorithm": "KEY_ALG_RSA_2048",
      "createdOn": 1595959657000,
      "displayName": "projects/j1-gc-integration-dev/serviceAccounts/j1-gc-integration-dev-sa-tf@j1-gc-integration-dev.iam.gserviceaccount.com/keys/713b2de79725dff2367a4622ce0810f411976090",
      "expiresOn": 253402300799000,
      "name": "projects/j1-gc-integration-dev/serviceAccounts/j1-gc-integration-dev-sa-tf@j1-gc-integration-dev.iam.gserviceaccount.com/keys/713b2de79725dff2367a4622ce0810f411976090",
      "origin": "GOOGLE_PROVIDED",
      "type": "USER_MANAGED",
      "webLink": "https://console.cloud.google.com/iam-admin/serviceaccounts/details/116674556692942636222?orgonly=true&project=j1-gc-integration-dev&supportedpurview=organizationId",
    },
    Object {
      "_class": Array [
        "User",
      ],
      "_key": "project:j1-gc-integration-dev-user:545240943112-compute@developer.gserviceaccount.com",
      "_rawData": Array [
        Object {
          "name": "default",
          "rawData": Object {
            "displayName": "Compute Engine default service account",
            "email": "545240943112-compute@developer.gserviceaccount.com",
            "etag": "MDEwMjE5MjA=",
            "name": "projects/j1-gc-integration-dev/serviceAccounts/545240943112-compute@developer.gserviceaccount.com",
            "oauth2ClientId": "103981644983849019949",
            "projectId": "j1-gc-integration-dev",
            "uniqueId": "103981644983849019949",
          },
        },
      ],
      "_type": "google_cloud_iam_service_account",
      "createdOn": undefined,
      "description": undefined,
      "displayName": "Compute Engine default service account",
      "email": "545240943112-compute@developer.gserviceaccount.com",
      "enabled": true,
      "etag": "MDEwMjE5MjA=",
      "id": "103981644983849019949",
      "name": "projects/j1-gc-integration-dev/serviceAccounts/545240943112-compute@developer.gserviceaccount.com",
      "oauth2ClientId": "103981644983849019949",
      "projectId": "j1-gc-integration-dev",
      "username": "545240943112-compute@developer.gserviceaccount.com",
      "webLink": "https://console.cloud.google.com/iam-admin/serviceaccounts/details/103981644983849019949?orgonly=true&project=j1-gc-integration-dev&supportedpurview=organizationId",
    },
    Object {
      "_class": Array [
        "AccessKey",
      ],
      "_key": "google_cloud_iam_service_account_key_projects/j1-gc-integration-dev/serviceAccounts/545240943112-compute@developer.gserviceaccount.com/keys/1306e2517ba1569c74d7c570310bb7d14292ae22",
      "_rawData": Array [
        Object {
          "name": "default",
          "rawData": Object {
            "keyAlgorithm": "KEY_ALG_RSA_2048",
            "keyOrigin": "GOOGLE_PROVIDED",
            "keyType": "SYSTEM_MANAGED",
            "name": "projects/j1-gc-integration-dev/serviceAccounts/545240943112-compute@developer.gserviceaccount.com/keys/1306e2517ba1569c74d7c570310bb7d14292ae22",
            "validAfterTime": "2020-08-07T17:19:58Z",
            "validBeforeTime": "2022-08-08T07:02:00Z",
          },
        },
      ],
      "_type": "google_cloud_iam_service_account_key",
      "algorithm": "KEY_ALG_RSA_2048",
      "createdOn": 1596820798000,
      "displayName": "projects/j1-gc-integration-dev/serviceAccounts/545240943112-compute@developer.gserviceaccount.com/keys/1306e2517ba1569c74d7c570310bb7d14292ae22",
      "expiresOn": 1659942120000,
      "name": "projects/j1-gc-integration-dev/serviceAccounts/545240943112-compute@developer.gserviceaccount.com/keys/1306e2517ba1569c74d7c570310bb7d14292ae22",
      "origin": "GOOGLE_PROVIDED",
      "type": "SYSTEM_MANAGED",
      "webLink": "https://console.cloud.google.com/iam-admin/serviceaccounts/details/103981644983849019949?orgonly=true&project=j1-gc-integration-dev&supportedpurview=organizationId",
    },
    Object {
      "_class": Array [
        "AccessRole",
      ],
      "_key": "project:j1-gc-integration-dev-role:roles/editor",
      "_rawData": Array [
        Object {
          "name": "default",
          "rawData": Object {
            "name": "roles/editor",
            "title": "roles/editor",
          },
        },
      ],
      "_type": "google_cloud_iam_role",
      "createdOn": undefined,
      "custom": false,
      "deleted": false,
      "description": undefined,
      "displayName": "roles/editor",
      "etag": undefined,
      "name": "roles/editor",
      "permissions": undefined,
      "stage": undefined,
    },
    Object {
      "_class": Array [
        "AccessRole",
      ],
      "_key": "project:j1-gc-integration-dev-role:roles/iam.securityReviewer",
      "_rawData": Array [
        Object {
          "name": "default",
          "rawData": Object {
            "name": "roles/iam.securityReviewer",
            "title": "roles/iam.securityReviewer",
          },
        },
      ],
      "_type": "google_cloud_iam_role",
      "createdOn": undefined,
      "custom": false,
      "deleted": false,
      "description": undefined,
      "displayName": "roles/iam.securityReviewer",
      "etag": undefined,
      "name": "roles/iam.securityReviewer",
      "permissions": undefined,
      "stage": undefined,
    },
    Object {
      "_class": Array [
        "AccessRole",
      ],
      "_key": "project:j1-gc-integration-dev-role:roles/iam.serviceAccountUser",
      "_rawData": Array [
        Object {
          "name": "default",
          "rawData": Object {
            "name": "roles/iam.serviceAccountUser",
            "title": "roles/iam.serviceAccountUser",
          },
        },
      ],
      "_type": "google_cloud_iam_role",
      "createdOn": undefined,
      "custom": false,
      "deleted": false,
      "description": undefined,
      "displayName": "roles/iam.serviceAccountUser",
      "etag": undefined,
      "name": "roles/iam.serviceAccountUser",
      "permissions": undefined,
      "stage": undefined,
    },
    Object {
      "_class": Array [
        "AccessRole",
      ],
      "_key": "project:j1-gc-integration-dev-role:roles/owner",
      "_rawData": Array [
        Object {
          "name": "default",
          "rawData": Object {
            "name": "roles/owner",
            "title": "roles/owner",
          },
        },
      ],
      "_type": "google_cloud_iam_role",
      "createdOn": undefined,
      "custom": false,
      "deleted": false,
      "description": undefined,
      "displayName": "roles/owner",
      "etag": undefined,
      "name": "roles/owner",
      "permissions": undefined,
      "stage": undefined,
    },
    Object {
      "_class": Array [
        "User",
      ],
      "_key": "project:j1-gc-integration-dev-user:austin.kelleher@jupiterone.io",
      "_rawData": Array [
        Object {
          "name": "default",
          "rawData": Object {
            "deleted": false,
            "identifier": "austin.kelleher@jupiterone.io",
            "projectId": "j1-gc-integration-dev",
            "type": "user",
            "uniqueid": undefined,
          },
        },
      ],
      "_type": "google_cloud_iam_user",
      "createdOn": undefined,
      "deleted": false,
      "displayName": "austin.kelleher@jupiterone.io",
      "name": "austin.kelleher@jupiterone.io",
      "type": "user",
      "uniqueid": undefined,
      "username": "austin.kelleher@jupiterone.io",
    },
    Object {
      "_class": Array [
        "AccessRole",
      ],
      "_key": "project:j1-gc-integration-dev-role:roles/resourcemanager.organizationAdmin",
      "_rawData": Array [
        Object {
          "name": "default",
          "rawData": Object {
            "name": "roles/resourcemanager.organizationAdmin",
            "title": "roles/resourcemanager.organizationAdmin",
          },
        },
      ],
      "_type": "google_cloud_iam_role",
      "createdOn": undefined,
      "custom": false,
      "deleted": false,
      "description": undefined,
      "displayName": "roles/resourcemanager.organizationAdmin",
      "etag": undefined,
      "name": "roles/resourcemanager.organizationAdmin",
      "permissions": undefined,
      "stage": undefined,
    },
  ],
  "collectedRelationships": Array [
    Object {
      "_class": "HAS",
      "_fromEntityKey": "project:j1-gc-integration-dev-user:j1-gc-integration-dev-sa@j1-gc-integration-dev.iam.gserviceaccount.com",
      "_key": "project:j1-gc-integration-dev-user:j1-gc-integration-dev-sa@j1-gc-integration-dev.iam.gserviceaccount.com|has|google_cloud_iam_service_account_key_projects/j1-gc-integration-dev/serviceAccounts/j1-gc-integration-dev-sa@j1-gc-integration-dev.iam.gserviceaccount.com/keys/de7697bdb8db9a94087fc9ded15cf9591c642f33",
      "_toEntityKey": "google_cloud_iam_service_account_key_projects/j1-gc-integration-dev/serviceAccounts/j1-gc-integration-dev-sa@j1-gc-integration-dev.iam.gserviceaccount.com/keys/de7697bdb8db9a94087fc9ded15cf9591c642f33",
      "_type": "google_cloud_iam_service_account_has_key",
      "displayName": "HAS",
      "webLink": "https://console.cloud.google.com/iam-admin/serviceaccounts/details/116742477893551302665?orgonly=true&project=j1-gc-integration-dev&supportedpurview=organizationId",
    },
    Object {
      "_class": "HAS",
      "_fromEntityKey": "project:j1-gc-integration-dev-user:j1-gc-integration-dev-sa@j1-gc-integration-dev.iam.gserviceaccount.com",
      "_key": "project:j1-gc-integration-dev-user:j1-gc-integration-dev-sa@j1-gc-integration-dev.iam.gserviceaccount.com|has|google_cloud_iam_service_account_key_projects/j1-gc-integration-dev/serviceAccounts/j1-gc-integration-dev-sa@j1-gc-integration-dev.iam.gserviceaccount.com/keys/15f83ab56984ab7006f3e8e7e15ebf1e290b10b9",
      "_toEntityKey": "google_cloud_iam_service_account_key_projects/j1-gc-integration-dev/serviceAccounts/j1-gc-integration-dev-sa@j1-gc-integration-dev.iam.gserviceaccount.com/keys/15f83ab56984ab7006f3e8e7e15ebf1e290b10b9",
      "_type": "google_cloud_iam_service_account_has_key",
      "displayName": "HAS",
      "webLink": "https://console.cloud.google.com/iam-admin/serviceaccounts/details/116742477893551302665?orgonly=true&project=j1-gc-integration-dev&supportedpurview=organizationId",
    },
    Object {
      "_class": "HAS",
      "_fromEntityKey": "project:j1-gc-integration-dev-user:j1-gc-integration-dev-sa@j1-gc-integration-dev.iam.gserviceaccount.com",
      "_key": "project:j1-gc-integration-dev-user:j1-gc-integration-dev-sa@j1-gc-integration-dev.iam.gserviceaccount.com|has|google_cloud_iam_service_account_key_projects/j1-gc-integration-dev/serviceAccounts/j1-gc-integration-dev-sa@j1-gc-integration-dev.iam.gserviceaccount.com/keys/7163349ab1e93ce505f6b8674518d2632c2de163",
      "_toEntityKey": "google_cloud_iam_service_account_key_projects/j1-gc-integration-dev/serviceAccounts/j1-gc-integration-dev-sa@j1-gc-integration-dev.iam.gserviceaccount.com/keys/7163349ab1e93ce505f6b8674518d2632c2de163",
      "_type": "google_cloud_iam_service_account_has_key",
      "displayName": "HAS",
      "webLink": "https://console.cloud.google.com/iam-admin/serviceaccounts/details/116742477893551302665?orgonly=true&project=j1-gc-integration-dev&supportedpurview=organizationId",
    },
    Object {
      "_class": "HAS",
      "_fromEntityKey": "project:j1-gc-integration-dev-user:j1-gc-integration-dev@appspot.gserviceaccount.com",
      "_key": "project:j1-gc-integration-dev-user:j1-gc-integration-dev@appspot.gserviceaccount.com|has|google_cloud_iam_service_account_key_projects/j1-gc-integration-dev/serviceAccounts/j1-gc-integration-dev@appspot.gserviceaccount.com/keys/cbe01fa2a9141d0b1149940063debacd486f223a",
      "_toEntityKey": "google_cloud_iam_service_account_key_projects/j1-gc-integration-dev/serviceAccounts/j1-gc-integration-dev@appspot.gserviceaccount.com/keys/cbe01fa2a9141d0b1149940063debacd486f223a",
      "_type": "google_cloud_iam_service_account_has_key",
      "displayName": "HAS",
      "webLink": "https://console.cloud.google.com/iam-admin/serviceaccounts/details/117962362686380350362?orgonly=true&project=j1-gc-integration-dev&supportedpurview=organizationId",
    },
    Object {
      "_class": "HAS",
      "_fromEntityKey": "project:j1-gc-integration-dev-user:j1-gc-integration-dev@appspot.gserviceaccount.com",
      "_key": "project:j1-gc-integration-dev-user:j1-gc-integration-dev@appspot.gserviceaccount.com|has|google_cloud_iam_service_account_key_projects/j1-gc-integration-dev/serviceAccounts/j1-gc-integration-dev@appspot.gserviceaccount.com/keys/0c11d8b3cd680084f325e2fdf60c69fa8e45db13",
      "_toEntityKey": "google_cloud_iam_service_account_key_projects/j1-gc-integration-dev/serviceAccounts/j1-gc-integration-dev@appspot.gserviceaccount.com/keys/0c11d8b3cd680084f325e2fdf60c69fa8e45db13",
      "_type": "google_cloud_iam_service_account_has_key",
      "displayName": "HAS",
      "webLink": "https://console.cloud.google.com/iam-admin/serviceaccounts/details/117962362686380350362?orgonly=true&project=j1-gc-integration-dev&supportedpurview=organizationId",
    },
    Object {
      "_class": "HAS",
      "_fromEntityKey": "project:j1-gc-integration-dev-user:j1-gc-integration-dev-sa-tf@j1-gc-integration-dev.iam.gserviceaccount.com",
      "_key": "project:j1-gc-integration-dev-user:j1-gc-integration-dev-sa-tf@j1-gc-integration-dev.iam.gserviceaccount.com|has|google_cloud_iam_service_account_key_projects/j1-gc-integration-dev/serviceAccounts/j1-gc-integration-dev-sa-tf@j1-gc-integration-dev.iam.gserviceaccount.com/keys/4378956e6e44f8ec9dcf6cdde8caa4c6d012dee8",
      "_toEntityKey": "google_cloud_iam_service_account_key_projects/j1-gc-integration-dev/serviceAccounts/j1-gc-integration-dev-sa-tf@j1-gc-integration-dev.iam.gserviceaccount.com/keys/4378956e6e44f8ec9dcf6cdde8caa4c6d012dee8",
      "_type": "google_cloud_iam_service_account_has_key",
      "displayName": "HAS",
      "webLink": "https://console.cloud.google.com/iam-admin/serviceaccounts/details/116674556692942636222?orgonly=true&project=j1-gc-integration-dev&supportedpurview=organizationId",
    },
    Object {
      "_class": "HAS",
      "_fromEntityKey": "project:j1-gc-integration-dev-user:j1-gc-integration-dev-sa-tf@j1-gc-integration-dev.iam.gserviceaccount.com",
      "_key": "project:j1-gc-integration-dev-user:j1-gc-integration-dev-sa-tf@j1-gc-integration-dev.iam.gserviceaccount.com|has|google_cloud_iam_service_account_key_projects/j1-gc-integration-dev/serviceAccounts/j1-gc-integration-dev-sa-tf@j1-gc-integration-dev.iam.gserviceaccount.com/keys/4534f28f45de1f72d12b4a4e85ff0972b4f96dee",
      "_toEntityKey": "google_cloud_iam_service_account_key_projects/j1-gc-integration-dev/serviceAccounts/j1-gc-integration-dev-sa-tf@j1-gc-integration-dev.iam.gserviceaccount.com/keys/4534f28f45de1f72d12b4a4e85ff0972b4f96dee",
      "_type": "google_cloud_iam_service_account_has_key",
      "displayName": "HAS",
      "webLink": "https://console.cloud.google.com/iam-admin/serviceaccounts/details/116674556692942636222?orgonly=true&project=j1-gc-integration-dev&supportedpurview=organizationId",
    },
    Object {
      "_class": "HAS",
      "_fromEntityKey": "project:j1-gc-integration-dev-user:j1-gc-integration-dev-sa-tf@j1-gc-integration-dev.iam.gserviceaccount.com",
      "_key": "project:j1-gc-integration-dev-user:j1-gc-integration-dev-sa-tf@j1-gc-integration-dev.iam.gserviceaccount.com|has|google_cloud_iam_service_account_key_projects/j1-gc-integration-dev/serviceAccounts/j1-gc-integration-dev-sa-tf@j1-gc-integration-dev.iam.gserviceaccount.com/keys/d784e4aa665fab66d5f5f555d9fa610ab30a0879",
      "_toEntityKey": "google_cloud_iam_service_account_key_projects/j1-gc-integration-dev/serviceAccounts/j1-gc-integration-dev-sa-tf@j1-gc-integration-dev.iam.gserviceaccount.com/keys/d784e4aa665fab66d5f5f555d9fa610ab30a0879",
      "_type": "google_cloud_iam_service_account_has_key",
      "displayName": "HAS",
      "webLink": "https://console.cloud.google.com/iam-admin/serviceaccounts/details/116674556692942636222?orgonly=true&project=j1-gc-integration-dev&supportedpurview=organizationId",
    },
    Object {
      "_class": "HAS",
      "_fromEntityKey": "project:j1-gc-integration-dev-user:j1-gc-integration-dev-sa-tf@j1-gc-integration-dev.iam.gserviceaccount.com",
      "_key": "project:j1-gc-integration-dev-user:j1-gc-integration-dev-sa-tf@j1-gc-integration-dev.iam.gserviceaccount.com|has|google_cloud_iam_service_account_key_projects/j1-gc-integration-dev/serviceAccounts/j1-gc-integration-dev-sa-tf@j1-gc-integration-dev.iam.gserviceaccount.com/keys/713b2de79725dff2367a4622ce0810f411976090",
      "_toEntityKey": "google_cloud_iam_service_account_key_projects/j1-gc-integration-dev/serviceAccounts/j1-gc-integration-dev-sa-tf@j1-gc-integration-dev.iam.gserviceaccount.com/keys/713b2de79725dff2367a4622ce0810f411976090",
      "_type": "google_cloud_iam_service_account_has_key",
      "displayName": "HAS",
      "webLink": "https://console.cloud.google.com/iam-admin/serviceaccounts/details/116674556692942636222?orgonly=true&project=j1-gc-integration-dev&supportedpurview=organizationId",
    },
    Object {
      "_class": "HAS",
      "_fromEntityKey": "project:j1-gc-integration-dev-user:545240943112-compute@developer.gserviceaccount.com",
      "_key": "project:j1-gc-integration-dev-user:545240943112-compute@developer.gserviceaccount.com|has|google_cloud_iam_service_account_key_projects/j1-gc-integration-dev/serviceAccounts/545240943112-compute@developer.gserviceaccount.com/keys/1306e2517ba1569c74d7c570310bb7d14292ae22",
      "_toEntityKey": "google_cloud_iam_service_account_key_projects/j1-gc-integration-dev/serviceAccounts/545240943112-compute@developer.gserviceaccount.com/keys/1306e2517ba1569c74d7c570310bb7d14292ae22",
      "_type": "google_cloud_iam_service_account_has_key",
      "displayName": "HAS",
      "webLink": "https://console.cloud.google.com/iam-admin/serviceaccounts/details/103981644983849019949?orgonly=true&project=j1-gc-integration-dev&supportedpurview=organizationId",
    },
    Object {
      "_class": "IMPLEMENTS",
      "_fromEntityKey": "project:j1-gc-integration-dev-user:j1-gc-integration-dev-sa-tf@j1-gc-integration-dev.iam.gserviceaccount.com",
      "_key": "project:j1-gc-integration-dev-user:j1-gc-integration-dev-sa-tf@j1-gc-integration-dev.iam.gserviceaccount.com|implements|project:j1-gc-integration-dev-role:projects/j1-gc-integration-dev/roles/545240943112customrole",
      "_toEntityKey": "project:j1-gc-integration-dev-role:projects/j1-gc-integration-dev/roles/545240943112customrole",
      "_type": "google_cloud_iam_service_account_implements_role",
      "displayName": "IMPLEMENTS",
    },
    Object {
      "_class": "IMPLEMENTS",
      "_fromEntityKey": "project:j1-gc-integration-dev-user:j1-gc-integration-dev-sa-tf@j1-gc-integration-dev.iam.gserviceaccount.com",
      "_key": "project:j1-gc-integration-dev-user:j1-gc-integration-dev-sa-tf@j1-gc-integration-dev.iam.gserviceaccount.com|implements|project:j1-gc-integration-dev-role:projects/j1-gc-integration-dev/roles/545240943112customroleconditions",
      "_toEntityKey": "project:j1-gc-integration-dev-role:projects/j1-gc-integration-dev/roles/545240943112customroleconditions",
      "_type": "google_cloud_iam_service_account_implements_role",
      "conditionDescription": "Test condition description",
      "conditionExpression": "resource.name != \\"bogusunknownresourcename\\"",
      "conditionLocation": undefined,
      "conditionTitle": "Test condition title",
      "displayName": "IMPLEMENTS",
    },
    Object {
      "_class": "IMPLEMENTS",
      "_fromEntityKey": "project:j1-gc-integration-dev-user:545240943112-compute@developer.gserviceaccount.com",
      "_key": "project:j1-gc-integration-dev-user:545240943112-compute@developer.gserviceaccount.com|implements|project:j1-gc-integration-dev-role:roles/editor",
      "_toEntityKey": "project:j1-gc-integration-dev-role:roles/editor",
      "_type": "google_cloud_iam_service_account_implements_role",
      "displayName": "IMPLEMENTS",
    },
    Object {
      "_class": "IMPLEMENTS",
      "_fromEntityKey": "project:j1-gc-integration-dev-user:j1-gc-integration-dev@appspot.gserviceaccount.com",
      "_key": "project:j1-gc-integration-dev-user:j1-gc-integration-dev@appspot.gserviceaccount.com|implements|project:j1-gc-integration-dev-role:roles/editor",
      "_toEntityKey": "project:j1-gc-integration-dev-role:roles/editor",
      "_type": "google_cloud_iam_service_account_implements_role",
      "displayName": "IMPLEMENTS",
    },
    Object {
      "_class": "IMPLEMENTS",
      "_fromEntityKey": "project:j1-gc-integration-dev-user:j1-gc-integration-dev-sa@j1-gc-integration-dev.iam.gserviceaccount.com",
      "_key": "project:j1-gc-integration-dev-user:j1-gc-integration-dev-sa@j1-gc-integration-dev.iam.gserviceaccount.com|implements|project:j1-gc-integration-dev-role:roles/iam.securityReviewer",
      "_toEntityKey": "project:j1-gc-integration-dev-role:roles/iam.securityReviewer",
      "_type": "google_cloud_iam_service_account_implements_role",
      "displayName": "IMPLEMENTS",
    },
    Object {
      "_class": "IMPLEMENTS",
      "_fromEntityKey": "project:j1-gc-integration-dev-user:j1-gc-integration-dev-sa@j1-gc-integration-dev.iam.gserviceaccount.com",
      "_key": "project:j1-gc-integration-dev-user:j1-gc-integration-dev-sa@j1-gc-integration-dev.iam.gserviceaccount.com|implements|project:j1-gc-integration-dev-role:roles/iam.serviceAccountUser",
      "_toEntityKey": "project:j1-gc-integration-dev-role:roles/iam.serviceAccountUser",
      "_type": "google_cloud_iam_service_account_implements_role",
      "displayName": "IMPLEMENTS",
    },
    Object {
      "_class": "IMPLEMENTS",
      "_fromEntityKey": "project:j1-gc-integration-dev-user:j1-gc-integration-dev-sa-tf@j1-gc-integration-dev.iam.gserviceaccount.com",
      "_key": "project:j1-gc-integration-dev-user:j1-gc-integration-dev-sa-tf@j1-gc-integration-dev.iam.gserviceaccount.com|implements|project:j1-gc-integration-dev-role:roles/owner",
      "_toEntityKey": "project:j1-gc-integration-dev-role:roles/owner",
      "_type": "google_cloud_iam_service_account_implements_role",
      "displayName": "IMPLEMENTS",
    },
    Object {
      "_class": "IMPLEMENTS",
      "_fromEntityKey": "project:j1-gc-integration-dev-user:austin.kelleher@jupiterone.io",
      "_key": "project:j1-gc-integration-dev-user:austin.kelleher@jupiterone.io|implements|project:j1-gc-integration-dev-role:roles/owner",
      "_toEntityKey": "project:j1-gc-integration-dev-role:roles/owner",
      "_type": "google_cloud_iam_user_implements_role",
      "displayName": "IMPLEMENTS",
    },
    Object {
      "_class": "IMPLEMENTS",
      "_fromEntityKey": "project:j1-gc-integration-dev-user:j1-gc-integration-dev-sa@j1-gc-integration-dev.iam.gserviceaccount.com",
      "_key": "project:j1-gc-integration-dev-user:j1-gc-integration-dev-sa@j1-gc-integration-dev.iam.gserviceaccount.com|implements|project:j1-gc-integration-dev-role:roles/resourcemanager.organizationAdmin",
      "_toEntityKey": "project:j1-gc-integration-dev-role:roles/resourcemanager.organizationAdmin",
      "_type": "google_cloud_iam_service_account_implements_role",
      "displayName": "IMPLEMENTS",
    },
  ],
  "encounteredTypes": Array [
    "google_cloud_iam_role",
    "google_cloud_iam_service_account",
    "google_cloud_iam_service_account_key",
    "google_cloud_iam_service_account_has_key",
    "google_cloud_iam_service_account_implements_role",
    "google_cloud_iam_user",
    "google_cloud_iam_user_implements_role",
  ],
  "numCollectedEntities": 22,
  "numCollectedRelationships": 19,
}
`;
