// Jest Snapshot v1, https://goo.gl/fbAQLP

exports[`#fetchIamRoles should collect data 1`] = `
Object {
  "collectedEntities": Array [
    Object {
      "_class": Array [
        "AccessRole",
      ],
      "_key": "projects/j1-gc-integration-dev-v3/roles/167984947943customrole",
      "_rawData": Array [
        Object {
          "name": "default",
          "rawData": Object {
            "description": "My description",
            "etag": "BwXHvrMF22o=",
            "includedPermissions": Array [
              "cloudfunctions.functions.get",
              "cloudfunctions.functions.getIamPolicy",
            ],
            "name": "projects/j1-gc-integration-dev-v3/roles/167984947943customrole",
            "stage": "GA",
            "title": "GA custom role",
          },
        },
      ],
      "_type": "google_iam_role",
      "createdOn": undefined,
      "custom": true,
      "deleted": false,
      "description": "My description",
      "displayName": "GA custom role",
      "etag": "BwXHvrMF22o=",
      "name": "projects/j1-gc-integration-dev-v3/roles/167984947943customrole",
      "permissions": Array [
        "cloudfunctions.functions.get",
        "cloudfunctions.functions.getIamPolicy",
      ],
      "readonly": true,
      "stage": "GA",
    },
    Object {
      "_class": Array [
        "AccessRole",
      ],
      "_key": "projects/j1-gc-integration-dev-v3/roles/167984947943customrole3",
      "_rawData": Array [
        Object {
          "name": "default",
          "rawData": Object {
            "description": "My description 3",
            "etag": "BwXHoq6vd9I=",
            "includedPermissions": Array [
              "cloudfunctions.functions.get",
              "cloudfunctions.functions.getIamPolicy",
            ],
            "name": "projects/j1-gc-integration-dev-v3/roles/167984947943customrole3",
            "stage": "GA",
            "title": "GA custom role 3",
          },
        },
      ],
      "_type": "google_iam_role",
      "createdOn": undefined,
      "custom": true,
      "deleted": false,
      "description": "My description 3",
      "displayName": "GA custom role 3",
      "etag": "BwXHoq6vd9I=",
      "name": "projects/j1-gc-integration-dev-v3/roles/167984947943customrole3",
      "permissions": Array [
        "cloudfunctions.functions.get",
        "cloudfunctions.functions.getIamPolicy",
      ],
      "readonly": true,
      "stage": "GA",
    },
    Object {
      "_class": Array [
        "AccessRole",
      ],
      "_key": "projects/j1-gc-integration-dev-v3/roles/167984947943customroleconditions",
      "_rawData": Array [
        Object {
          "name": "default",
          "rawData": Object {
            "description": "My description",
            "etag": "BwXDoq1scYM=",
            "includedPermissions": Array [
              "cloudfunctions.functions.create",
              "cloudfunctions.functions.list",
            ],
            "name": "projects/j1-gc-integration-dev-v3/roles/167984947943customroleconditions",
            "stage": "GA",
            "title": "GA custom role conditions",
          },
        },
      ],
      "_type": "google_iam_role",
      "createdOn": undefined,
      "custom": true,
      "deleted": false,
      "description": "My description",
      "displayName": "GA custom role conditions",
      "etag": "BwXDoq1scYM=",
      "name": "projects/j1-gc-integration-dev-v3/roles/167984947943customroleconditions",
      "permissions": Array [
        "cloudfunctions.functions.create",
        "cloudfunctions.functions.list",
      ],
      "readonly": false,
      "stage": "GA",
    },
    Object {
      "_class": Array [
        "AccessRole",
      ],
      "_key": "projects/j1-gc-integration-dev-v3/roles/TerriblePublicDeleteBucketRule",
      "_rawData": Array [
        Object {
          "name": "default",
          "rawData": Object {
            "description": "Created on: 2021-08-13",
            "etag": "BwXJeIPjhHY=",
            "includedPermissions": Array [
              "storage.buckets.delete",
            ],
            "name": "projects/j1-gc-integration-dev-v3/roles/TerriblePublicDeleteBucketRule",
            "title": "Terrible Public Delete Bucket Rule",
          },
        },
      ],
      "_type": "google_iam_role",
      "createdOn": undefined,
      "custom": true,
      "deleted": false,
      "description": "Created on: 2021-08-13",
      "displayName": "Terrible Public Delete Bucket Rule",
      "etag": "BwXJeIPjhHY=",
      "name": "projects/j1-gc-integration-dev-v3/roles/TerriblePublicDeleteBucketRule",
      "permissions": Array [
        "storage.buckets.delete",
      ],
      "readonly": false,
      "stage": undefined,
    },
    Object {
      "_class": Array [
        "AccessRole",
      ],
      "_key": "organizations/958457776463/roles/CanCreateProject",
      "_rawData": Array [
        Object {
          "name": "default",
          "rawData": Object {
            "description": "Created on: 2021-07-16",
            "etag": "BwXHQVbRc0Q=",
            "includedPermissions": Array [
              "resourcemanager.projects.create",
            ],
            "name": "organizations/958457776463/roles/CanCreateProject",
            "title": "CanCreateProject",
          },
        },
      ],
      "_type": "google_iam_role",
      "createdOn": undefined,
      "custom": true,
      "deleted": false,
      "description": "Created on: 2021-07-16",
      "displayName": "CanCreateProject",
      "etag": "BwXHQVbRc0Q=",
      "name": "organizations/958457776463/roles/CanCreateProject",
      "permissions": Array [
        "resourcemanager.projects.create",
      ],
      "readonly": false,
      "stage": undefined,
    },
    Object {
      "_class": Array [
        "AccessRole",
      ],
      "_key": "organizations/958457776463/roles/JupiterOneMainIntegration",
      "_rawData": Array [
        Object {
          "name": "default",
          "rawData": Object {
            "description": "Used by the main integration that ingests organization data",
            "etag": "BwXEVB0XUtc=",
            "includedPermissions": Array [
              "appengine.applications.get",
              "binaryauthorization.policy.get",
              "cloudasset.assets.searchAllIamPolicies",
              "compute.projects.get",
              "resourcemanager.folders.get",
              "resourcemanager.folders.list",
              "resourcemanager.organizations.get",
              "resourcemanager.organizations.getIamPolicy",
              "resourcemanager.projects.get",
              "resourcemanager.projects.list",
              "serviceusage.services.list",
            ],
            "name": "organizations/958457776463/roles/JupiterOneMainIntegration",
            "title": "JupiterOneMainIntegration",
          },
        },
      ],
      "_type": "google_iam_role",
      "createdOn": undefined,
      "custom": true,
      "deleted": false,
      "description": "Used by the main integration that ingests organization data",
      "displayName": "JupiterOneMainIntegration",
      "etag": "BwXEVB0XUtc=",
      "name": "organizations/958457776463/roles/JupiterOneMainIntegration",
      "permissions": Array [
        "appengine.applications.get",
        "binaryauthorization.policy.get",
        "cloudasset.assets.searchAllIamPolicies",
        "compute.projects.get",
        "resourcemanager.folders.get",
        "resourcemanager.folders.list",
        "resourcemanager.organizations.get",
        "resourcemanager.organizations.getIamPolicy",
        "resourcemanager.projects.get",
        "resourcemanager.projects.list",
        "serviceusage.services.list",
      ],
      "readonly": false,
      "stage": undefined,
    },
    Object {
      "_class": Array [
        "AccessRole",
      ],
      "_key": "organizations/958457776463/roles/NothingToSeeHere",
      "_rawData": Array [
        Object {
          "name": "default",
          "rawData": Object {
            "description": "Created on: 2021-09-13
This is a test role. If you see this, delete it!",
            "etag": "BwXL6Dk105I=",
            "includedPermissions": Array [
              "resourcemanager.projects.get",
              "resourcemanager.projects.list",
              "storage.buckets.delete",
              "storage.buckets.get",
              "storage.buckets.list",
              "storage.objects.delete",
              "storage.objects.get",
              "storage.objects.list",
            ],
            "name": "organizations/958457776463/roles/NothingToSeeHere",
            "stage": "GA",
            "title": "Delete Bucket Objects",
          },
        },
      ],
      "_type": "google_iam_role",
      "createdOn": undefined,
      "custom": true,
      "deleted": false,
      "description": "Created on: 2021-09-13
This is a test role. If you see this, delete it!",
      "displayName": "Delete Bucket Objects",
      "etag": "BwXL6Dk105I=",
      "name": "organizations/958457776463/roles/NothingToSeeHere",
      "permissions": Array [
        "resourcemanager.projects.get",
        "resourcemanager.projects.list",
        "storage.buckets.delete",
        "storage.buckets.get",
        "storage.buckets.list",
        "storage.objects.delete",
        "storage.objects.get",
        "storage.objects.list",
      ],
      "readonly": false,
      "stage": "GA",
    },
    Object {
      "_class": Array [
        "AccessRole",
      ],
      "_key": "organizations/958457776463/roles/TerriblePublicRole",
      "_rawData": Array [
        Object {
          "name": "default",
          "rawData": Object {
            "description": "Created on: 2021-08-13",
            "etag": "BwXJeHQwaZg=",
            "includedPermissions": Array [
              "storage.buckets.delete",
            ],
            "name": "organizations/958457776463/roles/TerriblePublicRole",
            "title": "Terrible Public Role",
          },
        },
      ],
      "_type": "google_iam_role",
      "createdOn": undefined,
      "custom": true,
      "deleted": false,
      "description": "Created on: 2021-08-13",
      "displayName": "Terrible Public Role",
      "etag": "BwXJeHQwaZg=",
      "name": "organizations/958457776463/roles/TerriblePublicRole",
      "permissions": Array [
        "storage.buckets.delete",
      ],
      "readonly": false,
      "stage": undefined,
    },
  ],
  "collectedRelationships": Array [
    Object {
      "_class": "HAS",
      "_fromEntityKey": "projects/j1-gc-integration-dev-v3/services/cloudfunctions.googleapis.com",
      "_key": "projects/j1-gc-integration-dev-v3/services/cloudfunctions.googleapis.com|has|projects/j1-gc-integration-dev-v3/roles/167984947943customrole",
      "_toEntityKey": "projects/j1-gc-integration-dev-v3/roles/167984947943customrole",
      "_type": "google_cloud_api_service_has_iam_role",
      "displayName": "HAS",
    },
    Object {
      "_class": "HAS",
      "_fromEntityKey": "projects/j1-gc-integration-dev-v3/services/cloudfunctions.googleapis.com",
      "_key": "projects/j1-gc-integration-dev-v3/services/cloudfunctions.googleapis.com|has|projects/j1-gc-integration-dev-v3/roles/167984947943customrole3",
      "_toEntityKey": "projects/j1-gc-integration-dev-v3/roles/167984947943customrole3",
      "_type": "google_cloud_api_service_has_iam_role",
      "displayName": "HAS",
    },
    Object {
      "_class": "HAS",
      "_fromEntityKey": "projects/j1-gc-integration-dev-v3/services/cloudfunctions.googleapis.com",
      "_key": "projects/j1-gc-integration-dev-v3/services/cloudfunctions.googleapis.com|has|projects/j1-gc-integration-dev-v3/roles/167984947943customroleconditions",
      "_toEntityKey": "projects/j1-gc-integration-dev-v3/roles/167984947943customroleconditions",
      "_type": "google_cloud_api_service_has_iam_role",
      "displayName": "HAS",
    },
    Object {
      "_class": "HAS",
      "_fromEntityKey": "projects/j1-gc-integration-dev-v3/services/storage.googleapis.com",
      "_key": "projects/j1-gc-integration-dev-v3/services/storage.googleapis.com|has|projects/j1-gc-integration-dev-v3/roles/TerriblePublicDeleteBucketRule",
      "_toEntityKey": "projects/j1-gc-integration-dev-v3/roles/TerriblePublicDeleteBucketRule",
      "_type": "google_cloud_api_service_has_iam_role",
      "displayName": "HAS",
    },
    Object {
      "_class": "HAS",
      "_fromEntityKey": "projects/j1-gc-integration-dev-v3/services/cloudresourcemanager.googleapis.com",
      "_key": "projects/j1-gc-integration-dev-v3/services/cloudresourcemanager.googleapis.com|has|organizations/958457776463/roles/CanCreateProject",
      "_toEntityKey": "organizations/958457776463/roles/CanCreateProject",
      "_type": "google_cloud_api_service_has_iam_role",
      "displayName": "HAS",
    },
    Object {
      "_class": "HAS",
      "_fromEntityKey": "projects/j1-gc-integration-dev-v3/services/appengine.googleapis.com",
      "_key": "projects/j1-gc-integration-dev-v3/services/appengine.googleapis.com|has|organizations/958457776463/roles/JupiterOneMainIntegration",
      "_toEntityKey": "organizations/958457776463/roles/JupiterOneMainIntegration",
      "_type": "google_cloud_api_service_has_iam_role",
      "displayName": "HAS",
    },
    Object {
      "_class": "HAS",
      "_fromEntityKey": "projects/j1-gc-integration-dev-v3/services/binaryauthorization.googleapis.com",
      "_key": "projects/j1-gc-integration-dev-v3/services/binaryauthorization.googleapis.com|has|organizations/958457776463/roles/JupiterOneMainIntegration",
      "_toEntityKey": "organizations/958457776463/roles/JupiterOneMainIntegration",
      "_type": "google_cloud_api_service_has_iam_role",
      "displayName": "HAS",
    },
    Object {
      "_class": "HAS",
      "_fromEntityKey": "projects/j1-gc-integration-dev-v3/services/cloudasset.googleapis.com",
      "_key": "projects/j1-gc-integration-dev-v3/services/cloudasset.googleapis.com|has|organizations/958457776463/roles/JupiterOneMainIntegration",
      "_toEntityKey": "organizations/958457776463/roles/JupiterOneMainIntegration",
      "_type": "google_cloud_api_service_has_iam_role",
      "displayName": "HAS",
    },
    Object {
      "_class": "HAS",
      "_fromEntityKey": "projects/j1-gc-integration-dev-v3/services/compute.googleapis.com",
      "_key": "projects/j1-gc-integration-dev-v3/services/compute.googleapis.com|has|organizations/958457776463/roles/JupiterOneMainIntegration",
      "_toEntityKey": "organizations/958457776463/roles/JupiterOneMainIntegration",
      "_type": "google_cloud_api_service_has_iam_role",
      "displayName": "HAS",
    },
    Object {
      "_class": "HAS",
      "_fromEntityKey": "projects/j1-gc-integration-dev-v3/services/cloudresourcemanager.googleapis.com",
      "_key": "projects/j1-gc-integration-dev-v3/services/cloudresourcemanager.googleapis.com|has|organizations/958457776463/roles/JupiterOneMainIntegration",
      "_toEntityKey": "organizations/958457776463/roles/JupiterOneMainIntegration",
      "_type": "google_cloud_api_service_has_iam_role",
      "displayName": "HAS",
    },
    Object {
      "_class": "HAS",
      "_fromEntityKey": "projects/j1-gc-integration-dev-v3/services/serviceusage.googleapis.com",
      "_key": "projects/j1-gc-integration-dev-v3/services/serviceusage.googleapis.com|has|organizations/958457776463/roles/JupiterOneMainIntegration",
      "_toEntityKey": "organizations/958457776463/roles/JupiterOneMainIntegration",
      "_type": "google_cloud_api_service_has_iam_role",
      "displayName": "HAS",
    },
    Object {
      "_class": "HAS",
      "_fromEntityKey": "projects/j1-gc-integration-dev-v3/services/cloudresourcemanager.googleapis.com",
      "_key": "projects/j1-gc-integration-dev-v3/services/cloudresourcemanager.googleapis.com|has|organizations/958457776463/roles/NothingToSeeHere",
      "_toEntityKey": "organizations/958457776463/roles/NothingToSeeHere",
      "_type": "google_cloud_api_service_has_iam_role",
      "displayName": "HAS",
    },
    Object {
      "_class": "HAS",
      "_fromEntityKey": "projects/j1-gc-integration-dev-v3/services/storage.googleapis.com",
      "_key": "projects/j1-gc-integration-dev-v3/services/storage.googleapis.com|has|organizations/958457776463/roles/NothingToSeeHere",
      "_toEntityKey": "organizations/958457776463/roles/NothingToSeeHere",
      "_type": "google_cloud_api_service_has_iam_role",
      "displayName": "HAS",
    },
    Object {
      "_class": "HAS",
      "_fromEntityKey": "projects/j1-gc-integration-dev-v3/services/storage.googleapis.com",
      "_key": "projects/j1-gc-integration-dev-v3/services/storage.googleapis.com|has|organizations/958457776463/roles/TerriblePublicRole",
      "_toEntityKey": "organizations/958457776463/roles/TerriblePublicRole",
      "_type": "google_cloud_api_service_has_iam_role",
      "displayName": "HAS",
    },
  ],
  "encounteredTypes": Array [
    "google_cloud_project",
    "google_cloud_api_service",
    "google_cloud_project_has_api_service",
    "google_iam_role",
    "google_cloud_api_service_has_iam_role",
  ],
  "numCollectedEntities": 8,
  "numCollectedRelationships": 14,
}
`;

exports[`#fetchIamServiceAccounts should collect data 1`] = `
{
  "collectedEntities": [
    {
      "_class": [
        "User",
      ],
      "_key": "j1-gc-integration-dev-f-sa@j1-gc-integration-dev-v3.iam.gserviceaccount.com",
      "_rawData": [
        {
          "name": "default",
          "rawData": {
            "displayName": "Service account for a test Google Cloud Function",
            "email": "j1-gc-integration-dev-f-sa@j1-gc-integration-dev-v3.iam.gserviceaccount.com",
            "etag": "MDEwMjE5MjA=",
            "name": "projects/j1-gc-integration-dev-v3/serviceAccounts/j1-gc-integration-dev-f-sa@j1-gc-integration-dev-v3.iam.gserviceaccount.com",
            "oauth2ClientId": "109173014638576490139",
            "projectId": "j1-gc-integration-dev-v3",
            "uniqueId": "109173014638576490139",
          },
        },
      ],
      "_type": "google_iam_service_account",
      "active": true,
      "createdOn": undefined,
      "description": undefined,
      "displayName": "Service account for a test Google Cloud Function",
      "email": "j1-gc-integration-dev-f-sa@j1-gc-integration-dev-v3.iam.gserviceaccount.com",
      "enabled": true,
      "etag": "MDEwMjE5MjA=",
      "id": "109173014638576490139",
      "name": "projects/j1-gc-integration-dev-v3/serviceAccounts/j1-gc-integration-dev-f-sa@j1-gc-integration-dev-v3.iam.gserviceaccount.com",
      "oauth2ClientId": "109173014638576490139",
      "projectId": "j1-gc-integration-dev-v3",
      "username": "j1-gc-integration-dev-f-sa@j1-gc-integration-dev-v3.iam.gserviceaccount.com",
      "webLink": "https://console.cloud.google.com/iam-admin/serviceaccounts/details/109173014638576490139?orgonly=true&project=j1-gc-integration-dev-v3&supportedpurview=organizationId",
    },
    {
      "_class": [
        "AccessKey",
      ],
      "_key": "projects/j1-gc-integration-dev-v3/serviceAccounts/j1-gc-integration-dev-f-sa@j1-gc-integration-dev-v3.iam.gserviceaccount.com/keys/854489f467c934eef0c59196d96c4db065cc2238",
      "_rawData": [
        {
          "name": "default",
          "rawData": {
            "keyAlgorithm": "KEY_ALG_RSA_2048",
            "keyOrigin": "GOOGLE_PROVIDED",
            "keyType": "SYSTEM_MANAGED",
            "name": "projects/j1-gc-integration-dev-v3/serviceAccounts/j1-gc-integration-dev-f-sa@j1-gc-integration-dev-v3.iam.gserviceaccount.com/keys/854489f467c934eef0c59196d96c4db065cc2238",
            "validAfterTime": "2021-09-20T21:16:58Z",
            "validBeforeTime": "2021-10-06T21:16:58Z",
          },
        },
      ],
      "_type": "google_iam_service_account_key",
      "algorithm": "KEY_ALG_RSA_2048",
      "createdOn": 1632172618000,
      "displayName": "projects/j1-gc-integration-dev-v3/serviceAccounts/j1-gc-integration-dev-f-sa@j1-gc-integration-dev-v3.iam.gserviceaccount.com/keys/854489f467c934eef0c59196d96c4db065cc2238",
      "expiresOn": 1633555018000,
      "name": "projects/j1-gc-integration-dev-v3/serviceAccounts/j1-gc-integration-dev-f-sa@j1-gc-integration-dev-v3.iam.gserviceaccount.com/keys/854489f467c934eef0c59196d96c4db065cc2238",
      "origin": "GOOGLE_PROVIDED",
      "type": "SYSTEM_MANAGED",
      "webLink": "https://console.cloud.google.com/iam-admin/serviceaccounts/details/109173014638576490139?orgonly=true&project=j1-gc-integration-dev-v3&supportedpurview=organizationId",
    },
    {
      "_class": [
        "AccessKey",
      ],
      "_key": "projects/j1-gc-integration-dev-v3/serviceAccounts/j1-gc-integration-dev-f-sa@j1-gc-integration-dev-v3.iam.gserviceaccount.com/keys/84b309e84d913d63d3f6281dd86ed3d78d249dd5",
      "_rawData": [
        {
          "name": "default",
          "rawData": {
            "keyAlgorithm": "KEY_ALG_RSA_2048",
            "keyOrigin": "GOOGLE_PROVIDED",
            "keyType": "SYSTEM_MANAGED",
            "name": "projects/j1-gc-integration-dev-v3/serviceAccounts/j1-gc-integration-dev-f-sa@j1-gc-integration-dev-v3.iam.gserviceaccount.com/keys/84b309e84d913d63d3f6281dd86ed3d78d249dd5",
            "validAfterTime": "2021-09-28T22:16:57Z",
            "validBeforeTime": "2021-10-14T22:16:57Z",
          },
        },
      ],
      "_type": "google_iam_service_account_key",
      "algorithm": "KEY_ALG_RSA_2048",
      "createdOn": 1632867417000,
      "displayName": "projects/j1-gc-integration-dev-v3/serviceAccounts/j1-gc-integration-dev-f-sa@j1-gc-integration-dev-v3.iam.gserviceaccount.com/keys/84b309e84d913d63d3f6281dd86ed3d78d249dd5",
      "expiresOn": 1634249817000,
      "name": "projects/j1-gc-integration-dev-v3/serviceAccounts/j1-gc-integration-dev-f-sa@j1-gc-integration-dev-v3.iam.gserviceaccount.com/keys/84b309e84d913d63d3f6281dd86ed3d78d249dd5",
      "origin": "GOOGLE_PROVIDED",
      "type": "SYSTEM_MANAGED",
      "webLink": "https://console.cloud.google.com/iam-admin/serviceaccounts/details/109173014638576490139?orgonly=true&project=j1-gc-integration-dev-v3&supportedpurview=organizationId",
    },
    {
      "_class": [
        "User",
      ],
      "_key": "167984947943-compute@developer.gserviceaccount.com",
      "_rawData": [
        {
          "name": "default",
          "rawData": {
            "displayName": "Compute Engine default service account",
            "email": "167984947943-compute@developer.gserviceaccount.com",
            "etag": "MDEwMjE5MjA=",
            "name": "projects/j1-gc-integration-dev-v3/serviceAccounts/167984947943-compute@developer.gserviceaccount.com",
            "oauth2ClientId": "108874199334173654593",
            "projectId": "j1-gc-integration-dev-v3",
            "uniqueId": "108874199334173654593",
          },
        },
      ],
      "_type": "google_iam_service_account",
      "active": true,
      "createdOn": undefined,
      "description": undefined,
      "displayName": "Compute Engine default service account",
      "email": "167984947943-compute@developer.gserviceaccount.com",
      "enabled": true,
      "etag": "MDEwMjE5MjA=",
      "id": "108874199334173654593",
      "name": "projects/j1-gc-integration-dev-v3/serviceAccounts/167984947943-compute@developer.gserviceaccount.com",
      "oauth2ClientId": "108874199334173654593",
      "projectId": "j1-gc-integration-dev-v3",
      "username": "167984947943-compute@developer.gserviceaccount.com",
      "webLink": "https://console.cloud.google.com/iam-admin/serviceaccounts/details/108874199334173654593?orgonly=true&project=j1-gc-integration-dev-v3&supportedpurview=organizationId",
    },
    {
      "_class": [
        "AccessKey",
      ],
      "_key": "projects/j1-gc-integration-dev-v3/serviceAccounts/167984947943-compute@developer.gserviceaccount.com/keys/722dc85430d62cc5b29783aa29537f861d0368bf",
      "_rawData": [
        {
          "name": "default",
          "rawData": {
            "keyAlgorithm": "KEY_ALG_RSA_2048",
            "keyOrigin": "GOOGLE_PROVIDED",
            "keyType": "SYSTEM_MANAGED",
            "name": "projects/j1-gc-integration-dev-v3/serviceAccounts/167984947943-compute@developer.gserviceaccount.com/keys/722dc85430d62cc5b29783aa29537f861d0368bf",
            "validAfterTime": "2021-09-20T19:16:55Z",
            "validBeforeTime": "2021-10-06T19:16:55Z",
          },
        },
      ],
      "_type": "google_iam_service_account_key",
      "algorithm": "KEY_ALG_RSA_2048",
      "createdOn": 1632165415000,
      "displayName": "projects/j1-gc-integration-dev-v3/serviceAccounts/167984947943-compute@developer.gserviceaccount.com/keys/722dc85430d62cc5b29783aa29537f861d0368bf",
      "expiresOn": 1633547815000,
      "name": "projects/j1-gc-integration-dev-v3/serviceAccounts/167984947943-compute@developer.gserviceaccount.com/keys/722dc85430d62cc5b29783aa29537f861d0368bf",
      "origin": "GOOGLE_PROVIDED",
      "type": "SYSTEM_MANAGED",
      "webLink": "https://console.cloud.google.com/iam-admin/serviceaccounts/details/108874199334173654593?orgonly=true&project=j1-gc-integration-dev-v3&supportedpurview=organizationId",
    },
    {
      "_class": [
        "AccessKey",
      ],
      "_key": "projects/j1-gc-integration-dev-v3/serviceAccounts/167984947943-compute@developer.gserviceaccount.com/keys/dba2d378c0ec31cd65a19272b26bb3b7406e7e13",
      "_rawData": [
        {
          "name": "default",
          "rawData": {
            "keyAlgorithm": "KEY_ALG_RSA_2048",
            "keyOrigin": "GOOGLE_PROVIDED",
            "keyType": "SYSTEM_MANAGED",
            "name": "projects/j1-gc-integration-dev-v3/serviceAccounts/167984947943-compute@developer.gserviceaccount.com/keys/dba2d378c0ec31cd65a19272b26bb3b7406e7e13",
            "validAfterTime": "2021-09-28T20:17:00Z",
            "validBeforeTime": "2021-10-14T20:17:00Z",
          },
        },
      ],
      "_type": "google_iam_service_account_key",
      "algorithm": "KEY_ALG_RSA_2048",
      "createdOn": 1632860220000,
      "displayName": "projects/j1-gc-integration-dev-v3/serviceAccounts/167984947943-compute@developer.gserviceaccount.com/keys/dba2d378c0ec31cd65a19272b26bb3b7406e7e13",
      "expiresOn": 1634242620000,
      "name": "projects/j1-gc-integration-dev-v3/serviceAccounts/167984947943-compute@developer.gserviceaccount.com/keys/dba2d378c0ec31cd65a19272b26bb3b7406e7e13",
      "origin": "GOOGLE_PROVIDED",
      "type": "SYSTEM_MANAGED",
      "webLink": "https://console.cloud.google.com/iam-admin/serviceaccounts/details/108874199334173654593?orgonly=true&project=j1-gc-integration-dev-v3&supportedpurview=organizationId",
    },
    {
      "_class": [
        "User",
      ],
      "_key": "j1-gc-integration-dev-sa-tf@j1-gc-integration-dev-v3.iam.gserviceaccount.com",
      "_rawData": [
        {
          "name": "default",
          "rawData": {
            "description": "Service account for local Terraform development",
            "displayName": "j1-gc-integration-dev-sa-tf",
            "email": "j1-gc-integration-dev-sa-tf@j1-gc-integration-dev-v3.iam.gserviceaccount.com",
            "etag": "MDEwMjE5MjA=",
            "name": "projects/j1-gc-integration-dev-v3/serviceAccounts/j1-gc-integration-dev-sa-tf@j1-gc-integration-dev-v3.iam.gserviceaccount.com",
            "oauth2ClientId": "113013793384076940956",
            "projectId": "j1-gc-integration-dev-v3",
            "uniqueId": "113013793384076940956",
          },
        },
      ],
      "_type": "google_iam_service_account",
      "active": true,
      "createdOn": undefined,
      "description": "Service account for local Terraform development",
      "displayName": "j1-gc-integration-dev-sa-tf",
      "email": "j1-gc-integration-dev-sa-tf@j1-gc-integration-dev-v3.iam.gserviceaccount.com",
      "enabled": true,
      "etag": "MDEwMjE5MjA=",
      "id": "113013793384076940956",
      "name": "projects/j1-gc-integration-dev-v3/serviceAccounts/j1-gc-integration-dev-sa-tf@j1-gc-integration-dev-v3.iam.gserviceaccount.com",
      "oauth2ClientId": "113013793384076940956",
      "projectId": "j1-gc-integration-dev-v3",
      "username": "j1-gc-integration-dev-sa-tf@j1-gc-integration-dev-v3.iam.gserviceaccount.com",
      "webLink": "https://console.cloud.google.com/iam-admin/serviceaccounts/details/113013793384076940956?orgonly=true&project=j1-gc-integration-dev-v3&supportedpurview=organizationId",
    },
    {
      "_class": [
        "AccessKey",
      ],
      "_key": "projects/j1-gc-integration-dev-v3/serviceAccounts/j1-gc-integration-dev-sa-tf@j1-gc-integration-dev-v3.iam.gserviceaccount.com/keys/4f700a7b71025ec1cb4b87be35163e484fdfecc2",
      "_rawData": [
        {
          "name": "default",
          "rawData": {
            "keyAlgorithm": "KEY_ALG_RSA_2048",
            "keyOrigin": "GOOGLE_PROVIDED",
            "keyType": "SYSTEM_MANAGED",
            "name": "projects/j1-gc-integration-dev-v3/serviceAccounts/j1-gc-integration-dev-sa-tf@j1-gc-integration-dev-v3.iam.gserviceaccount.com/keys/4f700a7b71025ec1cb4b87be35163e484fdfecc2",
            "validAfterTime": "2021-09-20T19:16:55Z",
            "validBeforeTime": "2021-10-06T19:16:55Z",
          },
        },
      ],
      "_type": "google_iam_service_account_key",
      "algorithm": "KEY_ALG_RSA_2048",
      "createdOn": 1632165415000,
      "displayName": "projects/j1-gc-integration-dev-v3/serviceAccounts/j1-gc-integration-dev-sa-tf@j1-gc-integration-dev-v3.iam.gserviceaccount.com/keys/4f700a7b71025ec1cb4b87be35163e484fdfecc2",
      "expiresOn": 1633547815000,
      "name": "projects/j1-gc-integration-dev-v3/serviceAccounts/j1-gc-integration-dev-sa-tf@j1-gc-integration-dev-v3.iam.gserviceaccount.com/keys/4f700a7b71025ec1cb4b87be35163e484fdfecc2",
      "origin": "GOOGLE_PROVIDED",
      "type": "SYSTEM_MANAGED",
      "webLink": "https://console.cloud.google.com/iam-admin/serviceaccounts/details/113013793384076940956?orgonly=true&project=j1-gc-integration-dev-v3&supportedpurview=organizationId",
    },
    {
      "_class": [
        "AccessKey",
      ],
      "_key": "projects/j1-gc-integration-dev-v3/serviceAccounts/j1-gc-integration-dev-sa-tf@j1-gc-integration-dev-v3.iam.gserviceaccount.com/keys/67086bec0da2ab13d178855155797aff36dc0f05",
      "_rawData": [
        {
          "name": "default",
          "rawData": {
            "keyAlgorithm": "KEY_ALG_RSA_2048",
            "keyOrigin": "GOOGLE_PROVIDED",
            "keyType": "SYSTEM_MANAGED",
            "name": "projects/j1-gc-integration-dev-v3/serviceAccounts/j1-gc-integration-dev-sa-tf@j1-gc-integration-dev-v3.iam.gserviceaccount.com/keys/67086bec0da2ab13d178855155797aff36dc0f05",
            "validAfterTime": "2021-09-28T20:17:00Z",
            "validBeforeTime": "2021-10-14T20:17:00Z",
          },
        },
      ],
      "_type": "google_iam_service_account_key",
      "algorithm": "KEY_ALG_RSA_2048",
      "createdOn": 1632860220000,
      "displayName": "projects/j1-gc-integration-dev-v3/serviceAccounts/j1-gc-integration-dev-sa-tf@j1-gc-integration-dev-v3.iam.gserviceaccount.com/keys/67086bec0da2ab13d178855155797aff36dc0f05",
      "expiresOn": 1634242620000,
      "name": "projects/j1-gc-integration-dev-v3/serviceAccounts/j1-gc-integration-dev-sa-tf@j1-gc-integration-dev-v3.iam.gserviceaccount.com/keys/67086bec0da2ab13d178855155797aff36dc0f05",
      "origin": "GOOGLE_PROVIDED",
      "type": "SYSTEM_MANAGED",
      "webLink": "https://console.cloud.google.com/iam-admin/serviceaccounts/details/113013793384076940956?orgonly=true&project=j1-gc-integration-dev-v3&supportedpurview=organizationId",
    },
    {
      "_class": [
        "AccessKey",
      ],
      "_key": "projects/j1-gc-integration-dev-v3/serviceAccounts/j1-gc-integration-dev-sa-tf@j1-gc-integration-dev-v3.iam.gserviceaccount.com/keys/36bfb41edeb8d9d02b216aae384dc0c4ba3661bd",
      "_rawData": [
        {
          "name": "default",
          "rawData": {
            "keyAlgorithm": "KEY_ALG_RSA_2048",
            "keyOrigin": "GOOGLE_PROVIDED",
            "keyType": "USER_MANAGED",
            "name": "projects/j1-gc-integration-dev-v3/serviceAccounts/j1-gc-integration-dev-sa-tf@j1-gc-integration-dev-v3.iam.gserviceaccount.com/keys/36bfb41edeb8d9d02b216aae384dc0c4ba3661bd",
            "validAfterTime": "2021-05-31T15:26:25Z",
            "validBeforeTime": "9999-12-31T23:59:59Z",
          },
        },
      ],
      "_type": "google_iam_service_account_key",
      "algorithm": "KEY_ALG_RSA_2048",
      "createdOn": 1622474785000,
      "displayName": "projects/j1-gc-integration-dev-v3/serviceAccounts/j1-gc-integration-dev-sa-tf@j1-gc-integration-dev-v3.iam.gserviceaccount.com/keys/36bfb41edeb8d9d02b216aae384dc0c4ba3661bd",
      "expiresOn": 253402300799000,
      "name": "projects/j1-gc-integration-dev-v3/serviceAccounts/j1-gc-integration-dev-sa-tf@j1-gc-integration-dev-v3.iam.gserviceaccount.com/keys/36bfb41edeb8d9d02b216aae384dc0c4ba3661bd",
      "origin": "GOOGLE_PROVIDED",
      "type": "USER_MANAGED",
      "webLink": "https://console.cloud.google.com/iam-admin/serviceaccounts/details/113013793384076940956?orgonly=true&project=j1-gc-integration-dev-v3&supportedpurview=organizationId",
    },
    {
      "_class": [
        "AccessKey",
      ],
      "_key": "projects/j1-gc-integration-dev-v3/serviceAccounts/j1-gc-integration-dev-sa-tf@j1-gc-integration-dev-v3.iam.gserviceaccount.com/keys/52a7ebbae7cb160171d246da1fa78308ce63ce40",
      "_rawData": [
        {
          "name": "default",
          "rawData": {
            "keyAlgorithm": "KEY_ALG_RSA_2048",
            "keyOrigin": "GOOGLE_PROVIDED",
            "keyType": "USER_MANAGED",
            "name": "projects/j1-gc-integration-dev-v3/serviceAccounts/j1-gc-integration-dev-sa-tf@j1-gc-integration-dev-v3.iam.gserviceaccount.com/keys/52a7ebbae7cb160171d246da1fa78308ce63ce40",
            "validAfterTime": "2021-07-21T13:56:52Z",
            "validBeforeTime": "9999-12-31T23:59:59Z",
          },
        },
      ],
      "_type": "google_iam_service_account_key",
      "algorithm": "KEY_ALG_RSA_2048",
      "createdOn": 1626875812000,
      "displayName": "projects/j1-gc-integration-dev-v3/serviceAccounts/j1-gc-integration-dev-sa-tf@j1-gc-integration-dev-v3.iam.gserviceaccount.com/keys/52a7ebbae7cb160171d246da1fa78308ce63ce40",
      "expiresOn": 253402300799000,
      "name": "projects/j1-gc-integration-dev-v3/serviceAccounts/j1-gc-integration-dev-sa-tf@j1-gc-integration-dev-v3.iam.gserviceaccount.com/keys/52a7ebbae7cb160171d246da1fa78308ce63ce40",
      "origin": "GOOGLE_PROVIDED",
      "type": "USER_MANAGED",
      "webLink": "https://console.cloud.google.com/iam-admin/serviceaccounts/details/113013793384076940956?orgonly=true&project=j1-gc-integration-dev-v3&supportedpurview=organizationId",
    },
    {
      "_class": [
        "User",
      ],
      "_key": "j1-gc-integration-dev-v3@j1-gc-integration-dev-v3.iam.gserviceaccount.com",
      "_rawData": [
        {
          "name": "default",
          "rawData": {
            "description": "Service account for local integration development runner",
            "displayName": "j1-gc-integration-dev-v3",
            "email": "j1-gc-integration-dev-v3@j1-gc-integration-dev-v3.iam.gserviceaccount.com",
            "etag": "MDEwMjE5MjA=",
            "name": "projects/j1-gc-integration-dev-v3/serviceAccounts/j1-gc-integration-dev-v3@j1-gc-integration-dev-v3.iam.gserviceaccount.com",
            "oauth2ClientId": "103268068430301189523",
            "projectId": "j1-gc-integration-dev-v3",
            "uniqueId": "103268068430301189523",
          },
        },
      ],
      "_type": "google_iam_service_account",
      "active": true,
      "createdOn": undefined,
      "description": "Service account for local integration development runner",
      "displayName": "j1-gc-integration-dev-v3",
      "email": "j1-gc-integration-dev-v3@j1-gc-integration-dev-v3.iam.gserviceaccount.com",
      "enabled": true,
      "etag": "MDEwMjE5MjA=",
      "id": "103268068430301189523",
      "name": "projects/j1-gc-integration-dev-v3/serviceAccounts/j1-gc-integration-dev-v3@j1-gc-integration-dev-v3.iam.gserviceaccount.com",
      "oauth2ClientId": "103268068430301189523",
      "projectId": "j1-gc-integration-dev-v3",
      "username": "j1-gc-integration-dev-v3@j1-gc-integration-dev-v3.iam.gserviceaccount.com",
      "webLink": "https://console.cloud.google.com/iam-admin/serviceaccounts/details/103268068430301189523?orgonly=true&project=j1-gc-integration-dev-v3&supportedpurview=organizationId",
    },
    {
      "_class": [
        "AccessKey",
      ],
      "_key": "projects/j1-gc-integration-dev-v3/serviceAccounts/j1-gc-integration-dev-v3@j1-gc-integration-dev-v3.iam.gserviceaccount.com/keys/5f3fef09051688ce905a9180bb771b2837ed5a94",
      "_rawData": [
        {
          "name": "default",
          "rawData": {
            "keyAlgorithm": "KEY_ALG_RSA_2048",
            "keyOrigin": "GOOGLE_PROVIDED",
            "keyType": "SYSTEM_MANAGED",
            "name": "projects/j1-gc-integration-dev-v3/serviceAccounts/j1-gc-integration-dev-v3@j1-gc-integration-dev-v3.iam.gserviceaccount.com/keys/5f3fef09051688ce905a9180bb771b2837ed5a94",
            "validAfterTime": "2021-09-20T21:16:59Z",
            "validBeforeTime": "2021-10-06T21:16:59Z",
          },
        },
      ],
      "_type": "google_iam_service_account_key",
      "algorithm": "KEY_ALG_RSA_2048",
      "createdOn": 1632172619000,
      "displayName": "projects/j1-gc-integration-dev-v3/serviceAccounts/j1-gc-integration-dev-v3@j1-gc-integration-dev-v3.iam.gserviceaccount.com/keys/5f3fef09051688ce905a9180bb771b2837ed5a94",
      "expiresOn": 1633555019000,
      "name": "projects/j1-gc-integration-dev-v3/serviceAccounts/j1-gc-integration-dev-v3@j1-gc-integration-dev-v3.iam.gserviceaccount.com/keys/5f3fef09051688ce905a9180bb771b2837ed5a94",
      "origin": "GOOGLE_PROVIDED",
      "type": "SYSTEM_MANAGED",
      "webLink": "https://console.cloud.google.com/iam-admin/serviceaccounts/details/103268068430301189523?orgonly=true&project=j1-gc-integration-dev-v3&supportedpurview=organizationId",
    },
    {
      "_class": [
        "AccessKey",
      ],
      "_key": "projects/j1-gc-integration-dev-v3/serviceAccounts/j1-gc-integration-dev-v3@j1-gc-integration-dev-v3.iam.gserviceaccount.com/keys/f4e9d7fd8a3f8a50dbdebc2d26e3f7c88611a6cb",
      "_rawData": [
        {
          "name": "default",
          "rawData": {
            "keyAlgorithm": "KEY_ALG_RSA_2048",
            "keyOrigin": "GOOGLE_PROVIDED",
            "keyType": "SYSTEM_MANAGED",
            "name": "projects/j1-gc-integration-dev-v3/serviceAccounts/j1-gc-integration-dev-v3@j1-gc-integration-dev-v3.iam.gserviceaccount.com/keys/f4e9d7fd8a3f8a50dbdebc2d26e3f7c88611a6cb",
            "validAfterTime": "2021-09-28T22:16:57Z",
            "validBeforeTime": "2021-10-14T22:16:57Z",
          },
        },
      ],
      "_type": "google_iam_service_account_key",
      "algorithm": "KEY_ALG_RSA_2048",
      "createdOn": 1632867417000,
      "displayName": "projects/j1-gc-integration-dev-v3/serviceAccounts/j1-gc-integration-dev-v3@j1-gc-integration-dev-v3.iam.gserviceaccount.com/keys/f4e9d7fd8a3f8a50dbdebc2d26e3f7c88611a6cb",
      "expiresOn": 1634249817000,
      "name": "projects/j1-gc-integration-dev-v3/serviceAccounts/j1-gc-integration-dev-v3@j1-gc-integration-dev-v3.iam.gserviceaccount.com/keys/f4e9d7fd8a3f8a50dbdebc2d26e3f7c88611a6cb",
      "origin": "GOOGLE_PROVIDED",
      "type": "SYSTEM_MANAGED",
      "webLink": "https://console.cloud.google.com/iam-admin/serviceaccounts/details/103268068430301189523?orgonly=true&project=j1-gc-integration-dev-v3&supportedpurview=organizationId",
    },
    {
      "_class": [
        "AccessKey",
      ],
      "_key": "projects/j1-gc-integration-dev-v3/serviceAccounts/j1-gc-integration-dev-v3@j1-gc-integration-dev-v3.iam.gserviceaccount.com/keys/1d6ce62f402f9cd79e346bc00ed3ab1a92f433fb",
      "_rawData": [
        {
          "name": "default",
          "rawData": {
            "keyAlgorithm": "KEY_ALG_RSA_2048",
            "keyOrigin": "GOOGLE_PROVIDED",
            "keyType": "USER_MANAGED",
            "name": "projects/j1-gc-integration-dev-v3/serviceAccounts/j1-gc-integration-dev-v3@j1-gc-integration-dev-v3.iam.gserviceaccount.com/keys/1d6ce62f402f9cd79e346bc00ed3ab1a92f433fb",
            "validAfterTime": "2021-06-01T12:28:54Z",
            "validBeforeTime": "9999-12-31T23:59:59Z",
          },
        },
      ],
      "_type": "google_iam_service_account_key",
      "algorithm": "KEY_ALG_RSA_2048",
      "createdOn": 1622550534000,
      "displayName": "projects/j1-gc-integration-dev-v3/serviceAccounts/j1-gc-integration-dev-v3@j1-gc-integration-dev-v3.iam.gserviceaccount.com/keys/1d6ce62f402f9cd79e346bc00ed3ab1a92f433fb",
      "expiresOn": 253402300799000,
      "name": "projects/j1-gc-integration-dev-v3/serviceAccounts/j1-gc-integration-dev-v3@j1-gc-integration-dev-v3.iam.gserviceaccount.com/keys/1d6ce62f402f9cd79e346bc00ed3ab1a92f433fb",
      "origin": "GOOGLE_PROVIDED",
      "type": "USER_MANAGED",
      "webLink": "https://console.cloud.google.com/iam-admin/serviceaccounts/details/103268068430301189523?orgonly=true&project=j1-gc-integration-dev-v3&supportedpurview=organizationId",
    },
    {
      "_class": [
        "AccessKey",
      ],
      "_key": "projects/j1-gc-integration-dev-v3/serviceAccounts/j1-gc-integration-dev-v3@j1-gc-integration-dev-v3.iam.gserviceaccount.com/keys/f40bb95a0a370c91f8c9e5d213e1a208bf87760d",
      "_rawData": [
        {
          "name": "default",
          "rawData": {
            "keyAlgorithm": "KEY_ALG_RSA_2048",
            "keyOrigin": "GOOGLE_PROVIDED",
            "keyType": "USER_MANAGED",
            "name": "projects/j1-gc-integration-dev-v3/serviceAccounts/j1-gc-integration-dev-v3@j1-gc-integration-dev-v3.iam.gserviceaccount.com/keys/f40bb95a0a370c91f8c9e5d213e1a208bf87760d",
            "validAfterTime": "2021-06-01T15:32:09Z",
            "validBeforeTime": "9999-12-31T23:59:59Z",
          },
        },
      ],
      "_type": "google_iam_service_account_key",
      "algorithm": "KEY_ALG_RSA_2048",
      "createdOn": 1622561529000,
      "displayName": "projects/j1-gc-integration-dev-v3/serviceAccounts/j1-gc-integration-dev-v3@j1-gc-integration-dev-v3.iam.gserviceaccount.com/keys/f40bb95a0a370c91f8c9e5d213e1a208bf87760d",
      "expiresOn": 253402300799000,
      "name": "projects/j1-gc-integration-dev-v3/serviceAccounts/j1-gc-integration-dev-v3@j1-gc-integration-dev-v3.iam.gserviceaccount.com/keys/f40bb95a0a370c91f8c9e5d213e1a208bf87760d",
      "origin": "GOOGLE_PROVIDED",
      "type": "USER_MANAGED",
      "webLink": "https://console.cloud.google.com/iam-admin/serviceaccounts/details/103268068430301189523?orgonly=true&project=j1-gc-integration-dev-v3&supportedpurview=organizationId",
    },
    {
      "_class": [
        "AccessKey",
      ],
      "_key": "projects/j1-gc-integration-dev-v3/serviceAccounts/j1-gc-integration-dev-v3@j1-gc-integration-dev-v3.iam.gserviceaccount.com/keys/be26faf7b1eaf73ea09e82da703ae8cf04e1b6bb",
      "_rawData": [
        {
          "name": "default",
          "rawData": {
            "keyAlgorithm": "KEY_ALG_RSA_2048",
            "keyOrigin": "GOOGLE_PROVIDED",
            "keyType": "USER_MANAGED",
            "name": "projects/j1-gc-integration-dev-v3/serviceAccounts/j1-gc-integration-dev-v3@j1-gc-integration-dev-v3.iam.gserviceaccount.com/keys/be26faf7b1eaf73ea09e82da703ae8cf04e1b6bb",
            "validAfterTime": "2021-06-04T19:49:16Z",
            "validBeforeTime": "9999-12-31T23:59:59Z",
          },
        },
      ],
      "_type": "google_iam_service_account_key",
      "algorithm": "KEY_ALG_RSA_2048",
      "createdOn": 1622836156000,
      "displayName": "projects/j1-gc-integration-dev-v3/serviceAccounts/j1-gc-integration-dev-v3@j1-gc-integration-dev-v3.iam.gserviceaccount.com/keys/be26faf7b1eaf73ea09e82da703ae8cf04e1b6bb",
      "expiresOn": 253402300799000,
      "name": "projects/j1-gc-integration-dev-v3/serviceAccounts/j1-gc-integration-dev-v3@j1-gc-integration-dev-v3.iam.gserviceaccount.com/keys/be26faf7b1eaf73ea09e82da703ae8cf04e1b6bb",
      "origin": "GOOGLE_PROVIDED",
      "type": "USER_MANAGED",
      "webLink": "https://console.cloud.google.com/iam-admin/serviceaccounts/details/103268068430301189523?orgonly=true&project=j1-gc-integration-dev-v3&supportedpurview=organizationId",
    },
    {
      "_class": [
        "AccessKey",
      ],
      "_key": "projects/j1-gc-integration-dev-v3/serviceAccounts/j1-gc-integration-dev-v3@j1-gc-integration-dev-v3.iam.gserviceaccount.com/keys/99d569a56b2cca7df3b01595ad0619063bc7eb15",
      "_rawData": [
        {
          "name": "default",
          "rawData": {
            "keyAlgorithm": "KEY_ALG_RSA_2048",
            "keyOrigin": "GOOGLE_PROVIDED",
            "keyType": "USER_MANAGED",
            "name": "projects/j1-gc-integration-dev-v3/serviceAccounts/j1-gc-integration-dev-v3@j1-gc-integration-dev-v3.iam.gserviceaccount.com/keys/99d569a56b2cca7df3b01595ad0619063bc7eb15",
            "validAfterTime": "2021-06-09T11:52:49Z",
            "validBeforeTime": "9999-12-31T23:59:59Z",
          },
        },
      ],
      "_type": "google_iam_service_account_key",
      "algorithm": "KEY_ALG_RSA_2048",
      "createdOn": 1623239569000,
      "displayName": "projects/j1-gc-integration-dev-v3/serviceAccounts/j1-gc-integration-dev-v3@j1-gc-integration-dev-v3.iam.gserviceaccount.com/keys/99d569a56b2cca7df3b01595ad0619063bc7eb15",
      "expiresOn": 253402300799000,
      "name": "projects/j1-gc-integration-dev-v3/serviceAccounts/j1-gc-integration-dev-v3@j1-gc-integration-dev-v3.iam.gserviceaccount.com/keys/99d569a56b2cca7df3b01595ad0619063bc7eb15",
      "origin": "GOOGLE_PROVIDED",
      "type": "USER_MANAGED",
      "webLink": "https://console.cloud.google.com/iam-admin/serviceaccounts/details/103268068430301189523?orgonly=true&project=j1-gc-integration-dev-v3&supportedpurview=organizationId",
    },
    {
      "_class": [
        "AccessKey",
      ],
      "_key": "projects/j1-gc-integration-dev-v3/serviceAccounts/j1-gc-integration-dev-v3@j1-gc-integration-dev-v3.iam.gserviceaccount.com/keys/1ec50621dd0de1e751d7ee7fd09a3be1d56a5165",
      "_rawData": [
        {
          "name": "default",
          "rawData": {
            "keyAlgorithm": "KEY_ALG_RSA_2048",
            "keyOrigin": "GOOGLE_PROVIDED",
            "keyType": "USER_MANAGED",
            "name": "projects/j1-gc-integration-dev-v3/serviceAccounts/j1-gc-integration-dev-v3@j1-gc-integration-dev-v3.iam.gserviceaccount.com/keys/1ec50621dd0de1e751d7ee7fd09a3be1d56a5165",
            "validAfterTime": "2021-06-09T16:24:43Z",
            "validBeforeTime": "9999-12-31T23:59:59Z",
          },
        },
      ],
      "_type": "google_iam_service_account_key",
      "algorithm": "KEY_ALG_RSA_2048",
      "createdOn": 1623255883000,
      "displayName": "projects/j1-gc-integration-dev-v3/serviceAccounts/j1-gc-integration-dev-v3@j1-gc-integration-dev-v3.iam.gserviceaccount.com/keys/1ec50621dd0de1e751d7ee7fd09a3be1d56a5165",
      "expiresOn": 253402300799000,
      "name": "projects/j1-gc-integration-dev-v3/serviceAccounts/j1-gc-integration-dev-v3@j1-gc-integration-dev-v3.iam.gserviceaccount.com/keys/1ec50621dd0de1e751d7ee7fd09a3be1d56a5165",
      "origin": "GOOGLE_PROVIDED",
      "type": "USER_MANAGED",
      "webLink": "https://console.cloud.google.com/iam-admin/serviceaccounts/details/103268068430301189523?orgonly=true&project=j1-gc-integration-dev-v3&supportedpurview=organizationId",
    },
    {
      "_class": [
        "AccessKey",
      ],
      "_key": "projects/j1-gc-integration-dev-v3/serviceAccounts/j1-gc-integration-dev-v3@j1-gc-integration-dev-v3.iam.gserviceaccount.com/keys/de85b4ec44cfa894a1920ca71d024524de884f93",
      "_rawData": [
        {
          "name": "default",
          "rawData": {
            "keyAlgorithm": "KEY_ALG_RSA_2048",
            "keyOrigin": "GOOGLE_PROVIDED",
            "keyType": "USER_MANAGED",
            "name": "projects/j1-gc-integration-dev-v3/serviceAccounts/j1-gc-integration-dev-v3@j1-gc-integration-dev-v3.iam.gserviceaccount.com/keys/de85b4ec44cfa894a1920ca71d024524de884f93",
            "validAfterTime": "2021-06-14T18:14:35Z",
            "validBeforeTime": "9999-12-31T23:59:59Z",
          },
        },
      ],
      "_type": "google_iam_service_account_key",
      "algorithm": "KEY_ALG_RSA_2048",
      "createdOn": 1623694475000,
      "displayName": "projects/j1-gc-integration-dev-v3/serviceAccounts/j1-gc-integration-dev-v3@j1-gc-integration-dev-v3.iam.gserviceaccount.com/keys/de85b4ec44cfa894a1920ca71d024524de884f93",
      "expiresOn": 253402300799000,
      "name": "projects/j1-gc-integration-dev-v3/serviceAccounts/j1-gc-integration-dev-v3@j1-gc-integration-dev-v3.iam.gserviceaccount.com/keys/de85b4ec44cfa894a1920ca71d024524de884f93",
      "origin": "GOOGLE_PROVIDED",
      "type": "USER_MANAGED",
      "webLink": "https://console.cloud.google.com/iam-admin/serviceaccounts/details/103268068430301189523?orgonly=true&project=j1-gc-integration-dev-v3&supportedpurview=organizationId",
    },
    {
      "_class": [
        "AccessKey",
      ],
      "_key": "projects/j1-gc-integration-dev-v3/serviceAccounts/j1-gc-integration-dev-v3@j1-gc-integration-dev-v3.iam.gserviceaccount.com/keys/9ab30084a78c5a2c2215199dceb3705d11d9a179",
      "_rawData": [
        {
          "name": "default",
          "rawData": {
            "keyAlgorithm": "KEY_ALG_RSA_2048",
            "keyOrigin": "GOOGLE_PROVIDED",
            "keyType": "USER_MANAGED",
            "name": "projects/j1-gc-integration-dev-v3/serviceAccounts/j1-gc-integration-dev-v3@j1-gc-integration-dev-v3.iam.gserviceaccount.com/keys/9ab30084a78c5a2c2215199dceb3705d11d9a179",
            "validAfterTime": "2021-06-17T15:43:14Z",
            "validBeforeTime": "9999-12-31T23:59:59Z",
          },
        },
      ],
      "_type": "google_iam_service_account_key",
      "algorithm": "KEY_ALG_RSA_2048",
      "createdOn": 1623944594000,
      "displayName": "projects/j1-gc-integration-dev-v3/serviceAccounts/j1-gc-integration-dev-v3@j1-gc-integration-dev-v3.iam.gserviceaccount.com/keys/9ab30084a78c5a2c2215199dceb3705d11d9a179",
      "expiresOn": 253402300799000,
      "name": "projects/j1-gc-integration-dev-v3/serviceAccounts/j1-gc-integration-dev-v3@j1-gc-integration-dev-v3.iam.gserviceaccount.com/keys/9ab30084a78c5a2c2215199dceb3705d11d9a179",
      "origin": "GOOGLE_PROVIDED",
      "type": "USER_MANAGED",
      "webLink": "https://console.cloud.google.com/iam-admin/serviceaccounts/details/103268068430301189523?orgonly=true&project=j1-gc-integration-dev-v3&supportedpurview=organizationId",
    },
    {
      "_class": [
        "AccessKey",
      ],
      "_key": "projects/j1-gc-integration-dev-v3/serviceAccounts/j1-gc-integration-dev-v3@j1-gc-integration-dev-v3.iam.gserviceaccount.com/keys/0a6839bed10401baaaebd11d8f680089d64a373a",
      "_rawData": [
        {
          "name": "default",
          "rawData": {
            "keyAlgorithm": "KEY_ALG_RSA_2048",
            "keyOrigin": "GOOGLE_PROVIDED",
            "keyType": "USER_MANAGED",
            "name": "projects/j1-gc-integration-dev-v3/serviceAccounts/j1-gc-integration-dev-v3@j1-gc-integration-dev-v3.iam.gserviceaccount.com/keys/0a6839bed10401baaaebd11d8f680089d64a373a",
            "validAfterTime": "2021-07-16T13:21:21Z",
            "validBeforeTime": "9999-12-31T23:59:59Z",
          },
        },
      ],
      "_type": "google_iam_service_account_key",
      "algorithm": "KEY_ALG_RSA_2048",
      "createdOn": 1626441681000,
      "displayName": "projects/j1-gc-integration-dev-v3/serviceAccounts/j1-gc-integration-dev-v3@j1-gc-integration-dev-v3.iam.gserviceaccount.com/keys/0a6839bed10401baaaebd11d8f680089d64a373a",
      "expiresOn": 253402300799000,
      "name": "projects/j1-gc-integration-dev-v3/serviceAccounts/j1-gc-integration-dev-v3@j1-gc-integration-dev-v3.iam.gserviceaccount.com/keys/0a6839bed10401baaaebd11d8f680089d64a373a",
      "origin": "GOOGLE_PROVIDED",
      "type": "USER_MANAGED",
      "webLink": "https://console.cloud.google.com/iam-admin/serviceaccounts/details/103268068430301189523?orgonly=true&project=j1-gc-integration-dev-v3&supportedpurview=organizationId",
    },
    {
      "_class": [
        "AccessKey",
      ],
      "_key": "projects/j1-gc-integration-dev-v3/serviceAccounts/j1-gc-integration-dev-v3@j1-gc-integration-dev-v3.iam.gserviceaccount.com/keys/f1dca4e4421ec4a8bc38c1a5995163fdb0a2ec87",
      "_rawData": [
        {
          "name": "default",
          "rawData": {
            "keyAlgorithm": "KEY_ALG_RSA_2048",
            "keyOrigin": "GOOGLE_PROVIDED",
            "keyType": "USER_MANAGED",
            "name": "projects/j1-gc-integration-dev-v3/serviceAccounts/j1-gc-integration-dev-v3@j1-gc-integration-dev-v3.iam.gserviceaccount.com/keys/f1dca4e4421ec4a8bc38c1a5995163fdb0a2ec87",
            "validAfterTime": "2021-07-16T18:07:18Z",
            "validBeforeTime": "9999-12-31T23:59:59Z",
          },
        },
      ],
      "_type": "google_iam_service_account_key",
      "algorithm": "KEY_ALG_RSA_2048",
      "createdOn": 1626458838000,
      "displayName": "projects/j1-gc-integration-dev-v3/serviceAccounts/j1-gc-integration-dev-v3@j1-gc-integration-dev-v3.iam.gserviceaccount.com/keys/f1dca4e4421ec4a8bc38c1a5995163fdb0a2ec87",
      "expiresOn": 253402300799000,
      "name": "projects/j1-gc-integration-dev-v3/serviceAccounts/j1-gc-integration-dev-v3@j1-gc-integration-dev-v3.iam.gserviceaccount.com/keys/f1dca4e4421ec4a8bc38c1a5995163fdb0a2ec87",
      "origin": "GOOGLE_PROVIDED",
      "type": "USER_MANAGED",
      "webLink": "https://console.cloud.google.com/iam-admin/serviceaccounts/details/103268068430301189523?orgonly=true&project=j1-gc-integration-dev-v3&supportedpurview=organizationId",
    },
    {
      "_class": [
        "AccessKey",
      ],
      "_key": "projects/j1-gc-integration-dev-v3/serviceAccounts/j1-gc-integration-dev-v3@j1-gc-integration-dev-v3.iam.gserviceaccount.com/keys/4a0cfa80579ef5f13565857bf70eb7e14ca0921f",
      "_rawData": [
        {
          "name": "default",
          "rawData": {
            "keyAlgorithm": "KEY_ALG_RSA_2048",
            "keyOrigin": "GOOGLE_PROVIDED",
            "keyType": "USER_MANAGED",
            "name": "projects/j1-gc-integration-dev-v3/serviceAccounts/j1-gc-integration-dev-v3@j1-gc-integration-dev-v3.iam.gserviceaccount.com/keys/4a0cfa80579ef5f13565857bf70eb7e14ca0921f",
            "validAfterTime": "2021-09-23T18:55:18Z",
            "validBeforeTime": "9999-12-31T23:59:59Z",
          },
        },
      ],
      "_type": "google_iam_service_account_key",
      "algorithm": "KEY_ALG_RSA_2048",
      "createdOn": 1632423318000,
      "displayName": "projects/j1-gc-integration-dev-v3/serviceAccounts/j1-gc-integration-dev-v3@j1-gc-integration-dev-v3.iam.gserviceaccount.com/keys/4a0cfa80579ef5f13565857bf70eb7e14ca0921f",
      "expiresOn": 253402300799000,
      "name": "projects/j1-gc-integration-dev-v3/serviceAccounts/j1-gc-integration-dev-v3@j1-gc-integration-dev-v3.iam.gserviceaccount.com/keys/4a0cfa80579ef5f13565857bf70eb7e14ca0921f",
      "origin": "GOOGLE_PROVIDED",
      "type": "USER_MANAGED",
      "webLink": "https://console.cloud.google.com/iam-admin/serviceaccounts/details/103268068430301189523?orgonly=true&project=j1-gc-integration-dev-v3&supportedpurview=organizationId",
    },
    {
      "_class": [
        "User",
      ],
      "_key": "demo-j1-sa@j1-gc-integration-dev-v3.iam.gserviceaccount.com",
      "_rawData": [
        {
          "name": "default",
          "rawData": {
            "description": "Demo",
            "displayName": "demo-j1-sa",
            "email": "demo-j1-sa@j1-gc-integration-dev-v3.iam.gserviceaccount.com",
            "etag": "MDEwMjE5MjA=",
            "name": "projects/j1-gc-integration-dev-v3/serviceAccounts/demo-j1-sa@j1-gc-integration-dev-v3.iam.gserviceaccount.com",
            "oauth2ClientId": "104510319565846337835",
            "projectId": "j1-gc-integration-dev-v3",
            "uniqueId": "104510319565846337835",
          },
        },
      ],
      "_type": "google_iam_service_account",
      "active": true,
      "createdOn": undefined,
      "description": "Demo",
      "displayName": "demo-j1-sa",
      "email": "demo-j1-sa@j1-gc-integration-dev-v3.iam.gserviceaccount.com",
      "enabled": true,
      "etag": "MDEwMjE5MjA=",
      "id": "104510319565846337835",
      "name": "projects/j1-gc-integration-dev-v3/serviceAccounts/demo-j1-sa@j1-gc-integration-dev-v3.iam.gserviceaccount.com",
      "oauth2ClientId": "104510319565846337835",
      "projectId": "j1-gc-integration-dev-v3",
      "username": "demo-j1-sa@j1-gc-integration-dev-v3.iam.gserviceaccount.com",
      "webLink": "https://console.cloud.google.com/iam-admin/serviceaccounts/details/104510319565846337835?orgonly=true&project=j1-gc-integration-dev-v3&supportedpurview=organizationId",
    },
    {
      "_class": [
        "AccessKey",
      ],
      "_key": "projects/j1-gc-integration-dev-v3/serviceAccounts/demo-j1-sa@j1-gc-integration-dev-v3.iam.gserviceaccount.com/keys/ad5fd47a839a96adfd09ba98704487754cbb52e6",
      "_rawData": [
        {
          "name": "default",
          "rawData": {
            "keyAlgorithm": "KEY_ALG_RSA_2048",
            "keyOrigin": "GOOGLE_PROVIDED",
            "keyType": "SYSTEM_MANAGED",
            "name": "projects/j1-gc-integration-dev-v3/serviceAccounts/demo-j1-sa@j1-gc-integration-dev-v3.iam.gserviceaccount.com/keys/ad5fd47a839a96adfd09ba98704487754cbb52e6",
            "validAfterTime": "2021-09-18T19:16:56Z",
            "validBeforeTime": "2021-10-04T19:16:56Z",
          },
        },
      ],
      "_type": "google_iam_service_account_key",
      "algorithm": "KEY_ALG_RSA_2048",
      "createdOn": 1631992616000,
      "displayName": "projects/j1-gc-integration-dev-v3/serviceAccounts/demo-j1-sa@j1-gc-integration-dev-v3.iam.gserviceaccount.com/keys/ad5fd47a839a96adfd09ba98704487754cbb52e6",
      "expiresOn": 1633375016000,
      "name": "projects/j1-gc-integration-dev-v3/serviceAccounts/demo-j1-sa@j1-gc-integration-dev-v3.iam.gserviceaccount.com/keys/ad5fd47a839a96adfd09ba98704487754cbb52e6",
      "origin": "GOOGLE_PROVIDED",
      "type": "SYSTEM_MANAGED",
      "webLink": "https://console.cloud.google.com/iam-admin/serviceaccounts/details/104510319565846337835?orgonly=true&project=j1-gc-integration-dev-v3&supportedpurview=organizationId",
    },
    {
      "_class": [
        "AccessKey",
      ],
      "_key": "projects/j1-gc-integration-dev-v3/serviceAccounts/demo-j1-sa@j1-gc-integration-dev-v3.iam.gserviceaccount.com/keys/dc22040358abdb39ff6b932b7b05aeb32bdc300c",
      "_rawData": [
        {
          "name": "default",
          "rawData": {
            "keyAlgorithm": "KEY_ALG_RSA_2048",
            "keyOrigin": "GOOGLE_PROVIDED",
            "keyType": "SYSTEM_MANAGED",
            "name": "projects/j1-gc-integration-dev-v3/serviceAccounts/demo-j1-sa@j1-gc-integration-dev-v3.iam.gserviceaccount.com/keys/dc22040358abdb39ff6b932b7b05aeb32bdc300c",
            "validAfterTime": "2021-09-26T20:16:55Z",
            "validBeforeTime": "2021-10-12T20:16:55Z",
          },
        },
      ],
      "_type": "google_iam_service_account_key",
      "algorithm": "KEY_ALG_RSA_2048",
      "createdOn": 1632687415000,
      "displayName": "projects/j1-gc-integration-dev-v3/serviceAccounts/demo-j1-sa@j1-gc-integration-dev-v3.iam.gserviceaccount.com/keys/dc22040358abdb39ff6b932b7b05aeb32bdc300c",
      "expiresOn": 1634069815000,
      "name": "projects/j1-gc-integration-dev-v3/serviceAccounts/demo-j1-sa@j1-gc-integration-dev-v3.iam.gserviceaccount.com/keys/dc22040358abdb39ff6b932b7b05aeb32bdc300c",
      "origin": "GOOGLE_PROVIDED",
      "type": "SYSTEM_MANAGED",
      "webLink": "https://console.cloud.google.com/iam-admin/serviceaccounts/details/104510319565846337835?orgonly=true&project=j1-gc-integration-dev-v3&supportedpurview=organizationId",
    },
    {
      "_class": [
        "User",
      ],
      "_key": "j1-gc-integration-dev-v3@appspot.gserviceaccount.com",
      "_rawData": [
        {
          "name": "default",
          "rawData": {
            "displayName": "App Engine default service account",
            "email": "j1-gc-integration-dev-v3@appspot.gserviceaccount.com",
            "etag": "MDEwMjE5MjA=",
            "name": "projects/j1-gc-integration-dev-v3/serviceAccounts/j1-gc-integration-dev-v3@appspot.gserviceaccount.com",
            "oauth2ClientId": "116576469833536157133",
            "projectId": "j1-gc-integration-dev-v3",
            "uniqueId": "116576469833536157133",
          },
        },
      ],
      "_type": "google_iam_service_account",
      "active": true,
      "createdOn": undefined,
      "description": undefined,
      "displayName": "App Engine default service account",
      "email": "j1-gc-integration-dev-v3@appspot.gserviceaccount.com",
      "enabled": true,
      "etag": "MDEwMjE5MjA=",
      "id": "116576469833536157133",
      "name": "projects/j1-gc-integration-dev-v3/serviceAccounts/j1-gc-integration-dev-v3@appspot.gserviceaccount.com",
      "oauth2ClientId": "116576469833536157133",
      "projectId": "j1-gc-integration-dev-v3",
      "username": "j1-gc-integration-dev-v3@appspot.gserviceaccount.com",
      "webLink": "https://console.cloud.google.com/iam-admin/serviceaccounts/details/116576469833536157133?orgonly=true&project=j1-gc-integration-dev-v3&supportedpurview=organizationId",
    },
    {
      "_class": [
        "AccessKey",
      ],
      "_key": "projects/j1-gc-integration-dev-v3/serviceAccounts/j1-gc-integration-dev-v3@appspot.gserviceaccount.com/keys/374112e8f3c77e7065bb33faa26a48b624f571bb",
      "_rawData": [
        {
          "name": "default",
          "rawData": {
            "keyAlgorithm": "KEY_ALG_RSA_2048",
            "keyOrigin": "GOOGLE_PROVIDED",
            "keyType": "SYSTEM_MANAGED",
            "name": "projects/j1-gc-integration-dev-v3/serviceAccounts/j1-gc-integration-dev-v3@appspot.gserviceaccount.com/keys/374112e8f3c77e7065bb33faa26a48b624f571bb",
            "validAfterTime": "2021-09-20T19:16:56Z",
            "validBeforeTime": "2021-10-06T19:16:56Z",
          },
        },
      ],
      "_type": "google_iam_service_account_key",
      "algorithm": "KEY_ALG_RSA_2048",
      "createdOn": 1632165416000,
      "displayName": "projects/j1-gc-integration-dev-v3/serviceAccounts/j1-gc-integration-dev-v3@appspot.gserviceaccount.com/keys/374112e8f3c77e7065bb33faa26a48b624f571bb",
      "expiresOn": 1633547816000,
      "name": "projects/j1-gc-integration-dev-v3/serviceAccounts/j1-gc-integration-dev-v3@appspot.gserviceaccount.com/keys/374112e8f3c77e7065bb33faa26a48b624f571bb",
      "origin": "GOOGLE_PROVIDED",
      "type": "SYSTEM_MANAGED",
      "webLink": "https://console.cloud.google.com/iam-admin/serviceaccounts/details/116576469833536157133?orgonly=true&project=j1-gc-integration-dev-v3&supportedpurview=organizationId",
    },
    {
      "_class": [
        "AccessKey",
      ],
      "_key": "projects/j1-gc-integration-dev-v3/serviceAccounts/j1-gc-integration-dev-v3@appspot.gserviceaccount.com/keys/9dec446eda400465b4846835eaa402eb867b1bd3",
      "_rawData": [
        {
          "name": "default",
          "rawData": {
            "keyAlgorithm": "KEY_ALG_RSA_2048",
            "keyOrigin": "GOOGLE_PROVIDED",
            "keyType": "SYSTEM_MANAGED",
            "name": "projects/j1-gc-integration-dev-v3/serviceAccounts/j1-gc-integration-dev-v3@appspot.gserviceaccount.com/keys/9dec446eda400465b4846835eaa402eb867b1bd3",
            "validAfterTime": "2021-09-28T20:17:01Z",
            "validBeforeTime": "2021-10-14T20:17:01Z",
          },
        },
      ],
      "_type": "google_iam_service_account_key",
      "algorithm": "KEY_ALG_RSA_2048",
      "createdOn": 1632860221000,
      "displayName": "projects/j1-gc-integration-dev-v3/serviceAccounts/j1-gc-integration-dev-v3@appspot.gserviceaccount.com/keys/9dec446eda400465b4846835eaa402eb867b1bd3",
      "expiresOn": 1634242621000,
      "name": "projects/j1-gc-integration-dev-v3/serviceAccounts/j1-gc-integration-dev-v3@appspot.gserviceaccount.com/keys/9dec446eda400465b4846835eaa402eb867b1bd3",
      "origin": "GOOGLE_PROVIDED",
      "type": "SYSTEM_MANAGED",
      "webLink": "https://console.cloud.google.com/iam-admin/serviceaccounts/details/116576469833536157133?orgonly=true&project=j1-gc-integration-dev-v3&supportedpurview=organizationId",
    },
    {
      "_class": [
        "User",
      ],
      "_key": "j1-gc-integration-dev-sa@j1-gc-integration-dev-v3.iam.gserviceaccount.com",
      "_rawData": [
        {
          "name": "default",
          "rawData": {
            "description": "J1 Google Cloud integration execution",
            "email": "j1-gc-integration-dev-sa@j1-gc-integration-dev-v3.iam.gserviceaccount.com",
            "etag": "MDEwMjE5MjA=",
            "name": "projects/j1-gc-integration-dev-v3/serviceAccounts/j1-gc-integration-dev-sa@j1-gc-integration-dev-v3.iam.gserviceaccount.com",
            "oauth2ClientId": "114352795236399269818",
            "projectId": "j1-gc-integration-dev-v3",
            "uniqueId": "114352795236399269818",
          },
        },
      ],
      "_type": "google_iam_service_account",
      "active": true,
      "createdOn": undefined,
      "description": "J1 Google Cloud integration execution",
      "displayName": "projects/j1-gc-integration-dev-v3/serviceAccounts/j1-gc-integration-dev-sa@j1-gc-integration-dev-v3.iam.gserviceaccount.com",
      "email": "j1-gc-integration-dev-sa@j1-gc-integration-dev-v3.iam.gserviceaccount.com",
      "enabled": true,
      "etag": "MDEwMjE5MjA=",
      "id": "114352795236399269818",
      "name": "projects/j1-gc-integration-dev-v3/serviceAccounts/j1-gc-integration-dev-sa@j1-gc-integration-dev-v3.iam.gserviceaccount.com",
      "oauth2ClientId": "114352795236399269818",
      "projectId": "j1-gc-integration-dev-v3",
      "username": "j1-gc-integration-dev-sa@j1-gc-integration-dev-v3.iam.gserviceaccount.com",
      "webLink": "https://console.cloud.google.com/iam-admin/serviceaccounts/details/114352795236399269818?orgonly=true&project=j1-gc-integration-dev-v3&supportedpurview=organizationId",
    },
    {
      "_class": [
        "AccessKey",
      ],
      "_key": "projects/j1-gc-integration-dev-v3/serviceAccounts/j1-gc-integration-dev-sa@j1-gc-integration-dev-v3.iam.gserviceaccount.com/keys/3d46f0cfdb8b851b7473836a821163cbd23e8baf",
      "_rawData": [
        {
          "name": "default",
          "rawData": {
            "keyAlgorithm": "KEY_ALG_RSA_2048",
            "keyOrigin": "GOOGLE_PROVIDED",
            "keyType": "SYSTEM_MANAGED",
            "name": "projects/j1-gc-integration-dev-v3/serviceAccounts/j1-gc-integration-dev-sa@j1-gc-integration-dev-v3.iam.gserviceaccount.com/keys/3d46f0cfdb8b851b7473836a821163cbd23e8baf",
            "validAfterTime": "2021-09-14T16:17:01Z",
            "validBeforeTime": "2021-09-30T16:17:01Z",
          },
        },
      ],
      "_type": "google_iam_service_account_key",
      "algorithm": "KEY_ALG_RSA_2048",
      "createdOn": 1631636221000,
      "displayName": "projects/j1-gc-integration-dev-v3/serviceAccounts/j1-gc-integration-dev-sa@j1-gc-integration-dev-v3.iam.gserviceaccount.com/keys/3d46f0cfdb8b851b7473836a821163cbd23e8baf",
      "expiresOn": 1633018621000,
      "name": "projects/j1-gc-integration-dev-v3/serviceAccounts/j1-gc-integration-dev-sa@j1-gc-integration-dev-v3.iam.gserviceaccount.com/keys/3d46f0cfdb8b851b7473836a821163cbd23e8baf",
      "origin": "GOOGLE_PROVIDED",
      "type": "SYSTEM_MANAGED",
      "webLink": "https://console.cloud.google.com/iam-admin/serviceaccounts/details/114352795236399269818?orgonly=true&project=j1-gc-integration-dev-v3&supportedpurview=organizationId",
    },
    {
      "_class": [
        "AccessKey",
      ],
      "_key": "projects/j1-gc-integration-dev-v3/serviceAccounts/j1-gc-integration-dev-sa@j1-gc-integration-dev-v3.iam.gserviceaccount.com/keys/9859cf9aca8f3fa001ca99cdb77d1b76d04961f5",
      "_rawData": [
        {
          "name": "default",
          "rawData": {
            "keyAlgorithm": "KEY_ALG_RSA_2048",
            "keyOrigin": "GOOGLE_PROVIDED",
            "keyType": "SYSTEM_MANAGED",
            "name": "projects/j1-gc-integration-dev-v3/serviceAccounts/j1-gc-integration-dev-sa@j1-gc-integration-dev-v3.iam.gserviceaccount.com/keys/9859cf9aca8f3fa001ca99cdb77d1b76d04961f5",
            "validAfterTime": "2021-09-22T16:48:23Z",
            "validBeforeTime": "2021-10-08T16:48:23Z",
          },
        },
      ],
      "_type": "google_iam_service_account_key",
      "algorithm": "KEY_ALG_RSA_2048",
      "createdOn": 1632329303000,
      "displayName": "projects/j1-gc-integration-dev-v3/serviceAccounts/j1-gc-integration-dev-sa@j1-gc-integration-dev-v3.iam.gserviceaccount.com/keys/9859cf9aca8f3fa001ca99cdb77d1b76d04961f5",
      "expiresOn": 1633711703000,
      "name": "projects/j1-gc-integration-dev-v3/serviceAccounts/j1-gc-integration-dev-sa@j1-gc-integration-dev-v3.iam.gserviceaccount.com/keys/9859cf9aca8f3fa001ca99cdb77d1b76d04961f5",
      "origin": "GOOGLE_PROVIDED",
      "type": "SYSTEM_MANAGED",
      "webLink": "https://console.cloud.google.com/iam-admin/serviceaccounts/details/114352795236399269818?orgonly=true&project=j1-gc-integration-dev-v3&supportedpurview=organizationId",
    },
    {
      "_class": [
        "AccessKey",
      ],
      "_key": "projects/j1-gc-integration-dev-v3/serviceAccounts/j1-gc-integration-dev-sa@j1-gc-integration-dev-v3.iam.gserviceaccount.com/keys/53ca6c15bcc2fc2599d13f8a25164979d64028ac",
      "_rawData": [
        {
          "name": "default",
          "rawData": {
            "keyAlgorithm": "KEY_ALG_RSA_2048",
            "keyOrigin": "GOOGLE_PROVIDED",
            "keyType": "USER_MANAGED",
            "name": "projects/j1-gc-integration-dev-v3/serviceAccounts/j1-gc-integration-dev-sa@j1-gc-integration-dev-v3.iam.gserviceaccount.com/keys/53ca6c15bcc2fc2599d13f8a25164979d64028ac",
            "validAfterTime": "2021-07-28T15:18:05Z",
            "validBeforeTime": "9999-12-31T23:59:59Z",
          },
        },
      ],
      "_type": "google_iam_service_account_key",
      "algorithm": "KEY_ALG_RSA_2048",
      "createdOn": 1627485485000,
      "displayName": "projects/j1-gc-integration-dev-v3/serviceAccounts/j1-gc-integration-dev-sa@j1-gc-integration-dev-v3.iam.gserviceaccount.com/keys/53ca6c15bcc2fc2599d13f8a25164979d64028ac",
      "expiresOn": 253402300799000,
      "name": "projects/j1-gc-integration-dev-v3/serviceAccounts/j1-gc-integration-dev-sa@j1-gc-integration-dev-v3.iam.gserviceaccount.com/keys/53ca6c15bcc2fc2599d13f8a25164979d64028ac",
      "origin": "GOOGLE_PROVIDED",
      "type": "USER_MANAGED",
      "webLink": "https://console.cloud.google.com/iam-admin/serviceaccounts/details/114352795236399269818?orgonly=true&project=j1-gc-integration-dev-v3&supportedpurview=organizationId",
    },
  ],
  "collectedRelationships": [
    {
      "_class": "HAS",
      "_fromEntityKey": "j1-gc-integration-dev-f-sa@j1-gc-integration-dev-v3.iam.gserviceaccount.com",
      "_key": "j1-gc-integration-dev-f-sa@j1-gc-integration-dev-v3.iam.gserviceaccount.com|has|projects/j1-gc-integration-dev-v3/serviceAccounts/j1-gc-integration-dev-f-sa@j1-gc-integration-dev-v3.iam.gserviceaccount.com/keys/854489f467c934eef0c59196d96c4db065cc2238",
      "_toEntityKey": "projects/j1-gc-integration-dev-v3/serviceAccounts/j1-gc-integration-dev-f-sa@j1-gc-integration-dev-v3.iam.gserviceaccount.com/keys/854489f467c934eef0c59196d96c4db065cc2238",
      "_type": "google_iam_service_account_has_key",
      "displayName": "HAS",
      "webLink": "https://console.cloud.google.com/iam-admin/serviceaccounts/details/109173014638576490139?orgonly=true&project=j1-gc-integration-dev-v3&supportedpurview=organizationId",
    },
    {
      "_class": "HAS",
      "_fromEntityKey": "j1-gc-integration-dev-f-sa@j1-gc-integration-dev-v3.iam.gserviceaccount.com",
      "_key": "j1-gc-integration-dev-f-sa@j1-gc-integration-dev-v3.iam.gserviceaccount.com|has|projects/j1-gc-integration-dev-v3/serviceAccounts/j1-gc-integration-dev-f-sa@j1-gc-integration-dev-v3.iam.gserviceaccount.com/keys/84b309e84d913d63d3f6281dd86ed3d78d249dd5",
      "_toEntityKey": "projects/j1-gc-integration-dev-v3/serviceAccounts/j1-gc-integration-dev-f-sa@j1-gc-integration-dev-v3.iam.gserviceaccount.com/keys/84b309e84d913d63d3f6281dd86ed3d78d249dd5",
      "_type": "google_iam_service_account_has_key",
      "displayName": "HAS",
      "webLink": "https://console.cloud.google.com/iam-admin/serviceaccounts/details/109173014638576490139?orgonly=true&project=j1-gc-integration-dev-v3&supportedpurview=organizationId",
    },
    {
      "_class": "HAS",
      "_fromEntityKey": "167984947943-compute@developer.gserviceaccount.com",
      "_key": "167984947943-compute@developer.gserviceaccount.com|has|projects/j1-gc-integration-dev-v3/serviceAccounts/167984947943-compute@developer.gserviceaccount.com/keys/722dc85430d62cc5b29783aa29537f861d0368bf",
      "_toEntityKey": "projects/j1-gc-integration-dev-v3/serviceAccounts/167984947943-compute@developer.gserviceaccount.com/keys/722dc85430d62cc5b29783aa29537f861d0368bf",
      "_type": "google_iam_service_account_has_key",
      "displayName": "HAS",
      "webLink": "https://console.cloud.google.com/iam-admin/serviceaccounts/details/108874199334173654593?orgonly=true&project=j1-gc-integration-dev-v3&supportedpurview=organizationId",
    },
    {
      "_class": "HAS",
      "_fromEntityKey": "167984947943-compute@developer.gserviceaccount.com",
      "_key": "167984947943-compute@developer.gserviceaccount.com|has|projects/j1-gc-integration-dev-v3/serviceAccounts/167984947943-compute@developer.gserviceaccount.com/keys/dba2d378c0ec31cd65a19272b26bb3b7406e7e13",
      "_toEntityKey": "projects/j1-gc-integration-dev-v3/serviceAccounts/167984947943-compute@developer.gserviceaccount.com/keys/dba2d378c0ec31cd65a19272b26bb3b7406e7e13",
      "_type": "google_iam_service_account_has_key",
      "displayName": "HAS",
      "webLink": "https://console.cloud.google.com/iam-admin/serviceaccounts/details/108874199334173654593?orgonly=true&project=j1-gc-integration-dev-v3&supportedpurview=organizationId",
    },
    {
      "_class": "HAS",
      "_fromEntityKey": "j1-gc-integration-dev-sa-tf@j1-gc-integration-dev-v3.iam.gserviceaccount.com",
      "_key": "j1-gc-integration-dev-sa-tf@j1-gc-integration-dev-v3.iam.gserviceaccount.com|has|projects/j1-gc-integration-dev-v3/serviceAccounts/j1-gc-integration-dev-sa-tf@j1-gc-integration-dev-v3.iam.gserviceaccount.com/keys/4f700a7b71025ec1cb4b87be35163e484fdfecc2",
      "_toEntityKey": "projects/j1-gc-integration-dev-v3/serviceAccounts/j1-gc-integration-dev-sa-tf@j1-gc-integration-dev-v3.iam.gserviceaccount.com/keys/4f700a7b71025ec1cb4b87be35163e484fdfecc2",
      "_type": "google_iam_service_account_has_key",
      "displayName": "HAS",
      "webLink": "https://console.cloud.google.com/iam-admin/serviceaccounts/details/113013793384076940956?orgonly=true&project=j1-gc-integration-dev-v3&supportedpurview=organizationId",
    },
    {
      "_class": "HAS",
      "_fromEntityKey": "j1-gc-integration-dev-sa-tf@j1-gc-integration-dev-v3.iam.gserviceaccount.com",
      "_key": "j1-gc-integration-dev-sa-tf@j1-gc-integration-dev-v3.iam.gserviceaccount.com|has|projects/j1-gc-integration-dev-v3/serviceAccounts/j1-gc-integration-dev-sa-tf@j1-gc-integration-dev-v3.iam.gserviceaccount.com/keys/67086bec0da2ab13d178855155797aff36dc0f05",
      "_toEntityKey": "projects/j1-gc-integration-dev-v3/serviceAccounts/j1-gc-integration-dev-sa-tf@j1-gc-integration-dev-v3.iam.gserviceaccount.com/keys/67086bec0da2ab13d178855155797aff36dc0f05",
      "_type": "google_iam_service_account_has_key",
      "displayName": "HAS",
      "webLink": "https://console.cloud.google.com/iam-admin/serviceaccounts/details/113013793384076940956?orgonly=true&project=j1-gc-integration-dev-v3&supportedpurview=organizationId",
    },
    {
      "_class": "HAS",
      "_fromEntityKey": "j1-gc-integration-dev-sa-tf@j1-gc-integration-dev-v3.iam.gserviceaccount.com",
      "_key": "j1-gc-integration-dev-sa-tf@j1-gc-integration-dev-v3.iam.gserviceaccount.com|has|projects/j1-gc-integration-dev-v3/serviceAccounts/j1-gc-integration-dev-sa-tf@j1-gc-integration-dev-v3.iam.gserviceaccount.com/keys/36bfb41edeb8d9d02b216aae384dc0c4ba3661bd",
      "_toEntityKey": "projects/j1-gc-integration-dev-v3/serviceAccounts/j1-gc-integration-dev-sa-tf@j1-gc-integration-dev-v3.iam.gserviceaccount.com/keys/36bfb41edeb8d9d02b216aae384dc0c4ba3661bd",
      "_type": "google_iam_service_account_has_key",
      "displayName": "HAS",
      "webLink": "https://console.cloud.google.com/iam-admin/serviceaccounts/details/113013793384076940956?orgonly=true&project=j1-gc-integration-dev-v3&supportedpurview=organizationId",
    },
    {
      "_class": "HAS",
      "_fromEntityKey": "j1-gc-integration-dev-sa-tf@j1-gc-integration-dev-v3.iam.gserviceaccount.com",
      "_key": "j1-gc-integration-dev-sa-tf@j1-gc-integration-dev-v3.iam.gserviceaccount.com|has|projects/j1-gc-integration-dev-v3/serviceAccounts/j1-gc-integration-dev-sa-tf@j1-gc-integration-dev-v3.iam.gserviceaccount.com/keys/52a7ebbae7cb160171d246da1fa78308ce63ce40",
      "_toEntityKey": "projects/j1-gc-integration-dev-v3/serviceAccounts/j1-gc-integration-dev-sa-tf@j1-gc-integration-dev-v3.iam.gserviceaccount.com/keys/52a7ebbae7cb160171d246da1fa78308ce63ce40",
      "_type": "google_iam_service_account_has_key",
      "displayName": "HAS",
      "webLink": "https://console.cloud.google.com/iam-admin/serviceaccounts/details/113013793384076940956?orgonly=true&project=j1-gc-integration-dev-v3&supportedpurview=organizationId",
    },
    {
      "_class": "HAS",
      "_fromEntityKey": "j1-gc-integration-dev-v3@j1-gc-integration-dev-v3.iam.gserviceaccount.com",
      "_key": "j1-gc-integration-dev-v3@j1-gc-integration-dev-v3.iam.gserviceaccount.com|has|projects/j1-gc-integration-dev-v3/serviceAccounts/j1-gc-integration-dev-v3@j1-gc-integration-dev-v3.iam.gserviceaccount.com/keys/5f3fef09051688ce905a9180bb771b2837ed5a94",
      "_toEntityKey": "projects/j1-gc-integration-dev-v3/serviceAccounts/j1-gc-integration-dev-v3@j1-gc-integration-dev-v3.iam.gserviceaccount.com/keys/5f3fef09051688ce905a9180bb771b2837ed5a94",
      "_type": "google_iam_service_account_has_key",
      "displayName": "HAS",
      "webLink": "https://console.cloud.google.com/iam-admin/serviceaccounts/details/103268068430301189523?orgonly=true&project=j1-gc-integration-dev-v3&supportedpurview=organizationId",
    },
    {
      "_class": "HAS",
      "_fromEntityKey": "j1-gc-integration-dev-v3@j1-gc-integration-dev-v3.iam.gserviceaccount.com",
      "_key": "j1-gc-integration-dev-v3@j1-gc-integration-dev-v3.iam.gserviceaccount.com|has|projects/j1-gc-integration-dev-v3/serviceAccounts/j1-gc-integration-dev-v3@j1-gc-integration-dev-v3.iam.gserviceaccount.com/keys/f4e9d7fd8a3f8a50dbdebc2d26e3f7c88611a6cb",
      "_toEntityKey": "projects/j1-gc-integration-dev-v3/serviceAccounts/j1-gc-integration-dev-v3@j1-gc-integration-dev-v3.iam.gserviceaccount.com/keys/f4e9d7fd8a3f8a50dbdebc2d26e3f7c88611a6cb",
      "_type": "google_iam_service_account_has_key",
      "displayName": "HAS",
      "webLink": "https://console.cloud.google.com/iam-admin/serviceaccounts/details/103268068430301189523?orgonly=true&project=j1-gc-integration-dev-v3&supportedpurview=organizationId",
    },
    {
      "_class": "HAS",
      "_fromEntityKey": "j1-gc-integration-dev-v3@j1-gc-integration-dev-v3.iam.gserviceaccount.com",
      "_key": "j1-gc-integration-dev-v3@j1-gc-integration-dev-v3.iam.gserviceaccount.com|has|projects/j1-gc-integration-dev-v3/serviceAccounts/j1-gc-integration-dev-v3@j1-gc-integration-dev-v3.iam.gserviceaccount.com/keys/1d6ce62f402f9cd79e346bc00ed3ab1a92f433fb",
      "_toEntityKey": "projects/j1-gc-integration-dev-v3/serviceAccounts/j1-gc-integration-dev-v3@j1-gc-integration-dev-v3.iam.gserviceaccount.com/keys/1d6ce62f402f9cd79e346bc00ed3ab1a92f433fb",
      "_type": "google_iam_service_account_has_key",
      "displayName": "HAS",
      "webLink": "https://console.cloud.google.com/iam-admin/serviceaccounts/details/103268068430301189523?orgonly=true&project=j1-gc-integration-dev-v3&supportedpurview=organizationId",
    },
    {
      "_class": "HAS",
      "_fromEntityKey": "j1-gc-integration-dev-v3@j1-gc-integration-dev-v3.iam.gserviceaccount.com",
      "_key": "j1-gc-integration-dev-v3@j1-gc-integration-dev-v3.iam.gserviceaccount.com|has|projects/j1-gc-integration-dev-v3/serviceAccounts/j1-gc-integration-dev-v3@j1-gc-integration-dev-v3.iam.gserviceaccount.com/keys/f40bb95a0a370c91f8c9e5d213e1a208bf87760d",
      "_toEntityKey": "projects/j1-gc-integration-dev-v3/serviceAccounts/j1-gc-integration-dev-v3@j1-gc-integration-dev-v3.iam.gserviceaccount.com/keys/f40bb95a0a370c91f8c9e5d213e1a208bf87760d",
      "_type": "google_iam_service_account_has_key",
      "displayName": "HAS",
      "webLink": "https://console.cloud.google.com/iam-admin/serviceaccounts/details/103268068430301189523?orgonly=true&project=j1-gc-integration-dev-v3&supportedpurview=organizationId",
    },
    {
      "_class": "HAS",
      "_fromEntityKey": "j1-gc-integration-dev-v3@j1-gc-integration-dev-v3.iam.gserviceaccount.com",
      "_key": "j1-gc-integration-dev-v3@j1-gc-integration-dev-v3.iam.gserviceaccount.com|has|projects/j1-gc-integration-dev-v3/serviceAccounts/j1-gc-integration-dev-v3@j1-gc-integration-dev-v3.iam.gserviceaccount.com/keys/be26faf7b1eaf73ea09e82da703ae8cf04e1b6bb",
      "_toEntityKey": "projects/j1-gc-integration-dev-v3/serviceAccounts/j1-gc-integration-dev-v3@j1-gc-integration-dev-v3.iam.gserviceaccount.com/keys/be26faf7b1eaf73ea09e82da703ae8cf04e1b6bb",
      "_type": "google_iam_service_account_has_key",
      "displayName": "HAS",
      "webLink": "https://console.cloud.google.com/iam-admin/serviceaccounts/details/103268068430301189523?orgonly=true&project=j1-gc-integration-dev-v3&supportedpurview=organizationId",
    },
    {
      "_class": "HAS",
      "_fromEntityKey": "j1-gc-integration-dev-v3@j1-gc-integration-dev-v3.iam.gserviceaccount.com",
      "_key": "j1-gc-integration-dev-v3@j1-gc-integration-dev-v3.iam.gserviceaccount.com|has|projects/j1-gc-integration-dev-v3/serviceAccounts/j1-gc-integration-dev-v3@j1-gc-integration-dev-v3.iam.gserviceaccount.com/keys/99d569a56b2cca7df3b01595ad0619063bc7eb15",
      "_toEntityKey": "projects/j1-gc-integration-dev-v3/serviceAccounts/j1-gc-integration-dev-v3@j1-gc-integration-dev-v3.iam.gserviceaccount.com/keys/99d569a56b2cca7df3b01595ad0619063bc7eb15",
      "_type": "google_iam_service_account_has_key",
      "displayName": "HAS",
      "webLink": "https://console.cloud.google.com/iam-admin/serviceaccounts/details/103268068430301189523?orgonly=true&project=j1-gc-integration-dev-v3&supportedpurview=organizationId",
    },
    {
      "_class": "HAS",
      "_fromEntityKey": "j1-gc-integration-dev-v3@j1-gc-integration-dev-v3.iam.gserviceaccount.com",
      "_key": "j1-gc-integration-dev-v3@j1-gc-integration-dev-v3.iam.gserviceaccount.com|has|projects/j1-gc-integration-dev-v3/serviceAccounts/j1-gc-integration-dev-v3@j1-gc-integration-dev-v3.iam.gserviceaccount.com/keys/1ec50621dd0de1e751d7ee7fd09a3be1d56a5165",
      "_toEntityKey": "projects/j1-gc-integration-dev-v3/serviceAccounts/j1-gc-integration-dev-v3@j1-gc-integration-dev-v3.iam.gserviceaccount.com/keys/1ec50621dd0de1e751d7ee7fd09a3be1d56a5165",
      "_type": "google_iam_service_account_has_key",
      "displayName": "HAS",
      "webLink": "https://console.cloud.google.com/iam-admin/serviceaccounts/details/103268068430301189523?orgonly=true&project=j1-gc-integration-dev-v3&supportedpurview=organizationId",
    },
    {
      "_class": "HAS",
      "_fromEntityKey": "j1-gc-integration-dev-v3@j1-gc-integration-dev-v3.iam.gserviceaccount.com",
      "_key": "j1-gc-integration-dev-v3@j1-gc-integration-dev-v3.iam.gserviceaccount.com|has|projects/j1-gc-integration-dev-v3/serviceAccounts/j1-gc-integration-dev-v3@j1-gc-integration-dev-v3.iam.gserviceaccount.com/keys/de85b4ec44cfa894a1920ca71d024524de884f93",
      "_toEntityKey": "projects/j1-gc-integration-dev-v3/serviceAccounts/j1-gc-integration-dev-v3@j1-gc-integration-dev-v3.iam.gserviceaccount.com/keys/de85b4ec44cfa894a1920ca71d024524de884f93",
      "_type": "google_iam_service_account_has_key",
      "displayName": "HAS",
      "webLink": "https://console.cloud.google.com/iam-admin/serviceaccounts/details/103268068430301189523?orgonly=true&project=j1-gc-integration-dev-v3&supportedpurview=organizationId",
    },
    {
      "_class": "HAS",
      "_fromEntityKey": "j1-gc-integration-dev-v3@j1-gc-integration-dev-v3.iam.gserviceaccount.com",
      "_key": "j1-gc-integration-dev-v3@j1-gc-integration-dev-v3.iam.gserviceaccount.com|has|projects/j1-gc-integration-dev-v3/serviceAccounts/j1-gc-integration-dev-v3@j1-gc-integration-dev-v3.iam.gserviceaccount.com/keys/9ab30084a78c5a2c2215199dceb3705d11d9a179",
      "_toEntityKey": "projects/j1-gc-integration-dev-v3/serviceAccounts/j1-gc-integration-dev-v3@j1-gc-integration-dev-v3.iam.gserviceaccount.com/keys/9ab30084a78c5a2c2215199dceb3705d11d9a179",
      "_type": "google_iam_service_account_has_key",
      "displayName": "HAS",
      "webLink": "https://console.cloud.google.com/iam-admin/serviceaccounts/details/103268068430301189523?orgonly=true&project=j1-gc-integration-dev-v3&supportedpurview=organizationId",
    },
    {
      "_class": "HAS",
      "_fromEntityKey": "j1-gc-integration-dev-v3@j1-gc-integration-dev-v3.iam.gserviceaccount.com",
      "_key": "j1-gc-integration-dev-v3@j1-gc-integration-dev-v3.iam.gserviceaccount.com|has|projects/j1-gc-integration-dev-v3/serviceAccounts/j1-gc-integration-dev-v3@j1-gc-integration-dev-v3.iam.gserviceaccount.com/keys/0a6839bed10401baaaebd11d8f680089d64a373a",
      "_toEntityKey": "projects/j1-gc-integration-dev-v3/serviceAccounts/j1-gc-integration-dev-v3@j1-gc-integration-dev-v3.iam.gserviceaccount.com/keys/0a6839bed10401baaaebd11d8f680089d64a373a",
      "_type": "google_iam_service_account_has_key",
      "displayName": "HAS",
      "webLink": "https://console.cloud.google.com/iam-admin/serviceaccounts/details/103268068430301189523?orgonly=true&project=j1-gc-integration-dev-v3&supportedpurview=organizationId",
    },
    {
      "_class": "HAS",
      "_fromEntityKey": "j1-gc-integration-dev-v3@j1-gc-integration-dev-v3.iam.gserviceaccount.com",
      "_key": "j1-gc-integration-dev-v3@j1-gc-integration-dev-v3.iam.gserviceaccount.com|has|projects/j1-gc-integration-dev-v3/serviceAccounts/j1-gc-integration-dev-v3@j1-gc-integration-dev-v3.iam.gserviceaccount.com/keys/f1dca4e4421ec4a8bc38c1a5995163fdb0a2ec87",
      "_toEntityKey": "projects/j1-gc-integration-dev-v3/serviceAccounts/j1-gc-integration-dev-v3@j1-gc-integration-dev-v3.iam.gserviceaccount.com/keys/f1dca4e4421ec4a8bc38c1a5995163fdb0a2ec87",
      "_type": "google_iam_service_account_has_key",
      "displayName": "HAS",
      "webLink": "https://console.cloud.google.com/iam-admin/serviceaccounts/details/103268068430301189523?orgonly=true&project=j1-gc-integration-dev-v3&supportedpurview=organizationId",
    },
    {
      "_class": "HAS",
      "_fromEntityKey": "j1-gc-integration-dev-v3@j1-gc-integration-dev-v3.iam.gserviceaccount.com",
      "_key": "j1-gc-integration-dev-v3@j1-gc-integration-dev-v3.iam.gserviceaccount.com|has|projects/j1-gc-integration-dev-v3/serviceAccounts/j1-gc-integration-dev-v3@j1-gc-integration-dev-v3.iam.gserviceaccount.com/keys/4a0cfa80579ef5f13565857bf70eb7e14ca0921f",
      "_toEntityKey": "projects/j1-gc-integration-dev-v3/serviceAccounts/j1-gc-integration-dev-v3@j1-gc-integration-dev-v3.iam.gserviceaccount.com/keys/4a0cfa80579ef5f13565857bf70eb7e14ca0921f",
      "_type": "google_iam_service_account_has_key",
      "displayName": "HAS",
      "webLink": "https://console.cloud.google.com/iam-admin/serviceaccounts/details/103268068430301189523?orgonly=true&project=j1-gc-integration-dev-v3&supportedpurview=organizationId",
    },
    {
      "_class": "HAS",
      "_fromEntityKey": "demo-j1-sa@j1-gc-integration-dev-v3.iam.gserviceaccount.com",
      "_key": "demo-j1-sa@j1-gc-integration-dev-v3.iam.gserviceaccount.com|has|projects/j1-gc-integration-dev-v3/serviceAccounts/demo-j1-sa@j1-gc-integration-dev-v3.iam.gserviceaccount.com/keys/ad5fd47a839a96adfd09ba98704487754cbb52e6",
      "_toEntityKey": "projects/j1-gc-integration-dev-v3/serviceAccounts/demo-j1-sa@j1-gc-integration-dev-v3.iam.gserviceaccount.com/keys/ad5fd47a839a96adfd09ba98704487754cbb52e6",
      "_type": "google_iam_service_account_has_key",
      "displayName": "HAS",
      "webLink": "https://console.cloud.google.com/iam-admin/serviceaccounts/details/104510319565846337835?orgonly=true&project=j1-gc-integration-dev-v3&supportedpurview=organizationId",
    },
    {
      "_class": "HAS",
      "_fromEntityKey": "demo-j1-sa@j1-gc-integration-dev-v3.iam.gserviceaccount.com",
      "_key": "demo-j1-sa@j1-gc-integration-dev-v3.iam.gserviceaccount.com|has|projects/j1-gc-integration-dev-v3/serviceAccounts/demo-j1-sa@j1-gc-integration-dev-v3.iam.gserviceaccount.com/keys/dc22040358abdb39ff6b932b7b05aeb32bdc300c",
      "_toEntityKey": "projects/j1-gc-integration-dev-v3/serviceAccounts/demo-j1-sa@j1-gc-integration-dev-v3.iam.gserviceaccount.com/keys/dc22040358abdb39ff6b932b7b05aeb32bdc300c",
      "_type": "google_iam_service_account_has_key",
      "displayName": "HAS",
      "webLink": "https://console.cloud.google.com/iam-admin/serviceaccounts/details/104510319565846337835?orgonly=true&project=j1-gc-integration-dev-v3&supportedpurview=organizationId",
    },
    {
      "_class": "HAS",
      "_fromEntityKey": "j1-gc-integration-dev-v3@appspot.gserviceaccount.com",
      "_key": "j1-gc-integration-dev-v3@appspot.gserviceaccount.com|has|projects/j1-gc-integration-dev-v3/serviceAccounts/j1-gc-integration-dev-v3@appspot.gserviceaccount.com/keys/374112e8f3c77e7065bb33faa26a48b624f571bb",
      "_toEntityKey": "projects/j1-gc-integration-dev-v3/serviceAccounts/j1-gc-integration-dev-v3@appspot.gserviceaccount.com/keys/374112e8f3c77e7065bb33faa26a48b624f571bb",
      "_type": "google_iam_service_account_has_key",
      "displayName": "HAS",
      "webLink": "https://console.cloud.google.com/iam-admin/serviceaccounts/details/116576469833536157133?orgonly=true&project=j1-gc-integration-dev-v3&supportedpurview=organizationId",
    },
    {
      "_class": "HAS",
      "_fromEntityKey": "j1-gc-integration-dev-v3@appspot.gserviceaccount.com",
      "_key": "j1-gc-integration-dev-v3@appspot.gserviceaccount.com|has|projects/j1-gc-integration-dev-v3/serviceAccounts/j1-gc-integration-dev-v3@appspot.gserviceaccount.com/keys/9dec446eda400465b4846835eaa402eb867b1bd3",
      "_toEntityKey": "projects/j1-gc-integration-dev-v3/serviceAccounts/j1-gc-integration-dev-v3@appspot.gserviceaccount.com/keys/9dec446eda400465b4846835eaa402eb867b1bd3",
      "_type": "google_iam_service_account_has_key",
      "displayName": "HAS",
      "webLink": "https://console.cloud.google.com/iam-admin/serviceaccounts/details/116576469833536157133?orgonly=true&project=j1-gc-integration-dev-v3&supportedpurview=organizationId",
    },
    {
      "_class": "HAS",
      "_fromEntityKey": "j1-gc-integration-dev-sa@j1-gc-integration-dev-v3.iam.gserviceaccount.com",
      "_key": "j1-gc-integration-dev-sa@j1-gc-integration-dev-v3.iam.gserviceaccount.com|has|projects/j1-gc-integration-dev-v3/serviceAccounts/j1-gc-integration-dev-sa@j1-gc-integration-dev-v3.iam.gserviceaccount.com/keys/3d46f0cfdb8b851b7473836a821163cbd23e8baf",
      "_toEntityKey": "projects/j1-gc-integration-dev-v3/serviceAccounts/j1-gc-integration-dev-sa@j1-gc-integration-dev-v3.iam.gserviceaccount.com/keys/3d46f0cfdb8b851b7473836a821163cbd23e8baf",
      "_type": "google_iam_service_account_has_key",
      "displayName": "HAS",
      "webLink": "https://console.cloud.google.com/iam-admin/serviceaccounts/details/114352795236399269818?orgonly=true&project=j1-gc-integration-dev-v3&supportedpurview=organizationId",
    },
    {
      "_class": "HAS",
      "_fromEntityKey": "j1-gc-integration-dev-sa@j1-gc-integration-dev-v3.iam.gserviceaccount.com",
      "_key": "j1-gc-integration-dev-sa@j1-gc-integration-dev-v3.iam.gserviceaccount.com|has|projects/j1-gc-integration-dev-v3/serviceAccounts/j1-gc-integration-dev-sa@j1-gc-integration-dev-v3.iam.gserviceaccount.com/keys/9859cf9aca8f3fa001ca99cdb77d1b76d04961f5",
      "_toEntityKey": "projects/j1-gc-integration-dev-v3/serviceAccounts/j1-gc-integration-dev-sa@j1-gc-integration-dev-v3.iam.gserviceaccount.com/keys/9859cf9aca8f3fa001ca99cdb77d1b76d04961f5",
      "_type": "google_iam_service_account_has_key",
      "displayName": "HAS",
      "webLink": "https://console.cloud.google.com/iam-admin/serviceaccounts/details/114352795236399269818?orgonly=true&project=j1-gc-integration-dev-v3&supportedpurview=organizationId",
    },
    {
      "_class": "HAS",
      "_fromEntityKey": "j1-gc-integration-dev-sa@j1-gc-integration-dev-v3.iam.gserviceaccount.com",
      "_key": "j1-gc-integration-dev-sa@j1-gc-integration-dev-v3.iam.gserviceaccount.com|has|projects/j1-gc-integration-dev-v3/serviceAccounts/j1-gc-integration-dev-sa@j1-gc-integration-dev-v3.iam.gserviceaccount.com/keys/53ca6c15bcc2fc2599d13f8a25164979d64028ac",
      "_toEntityKey": "projects/j1-gc-integration-dev-v3/serviceAccounts/j1-gc-integration-dev-sa@j1-gc-integration-dev-v3.iam.gserviceaccount.com/keys/53ca6c15bcc2fc2599d13f8a25164979d64028ac",
      "_type": "google_iam_service_account_has_key",
      "displayName": "HAS",
      "webLink": "https://console.cloud.google.com/iam-admin/serviceaccounts/details/114352795236399269818?orgonly=true&project=j1-gc-integration-dev-v3&supportedpurview=organizationId",
    },
  ],
  "encounteredTypes": [
    "google_iam_service_account",
    "google_iam_service_account_key",
    "google_iam_service_account_has_key",
  ],
  "numCollectedEntities": 34,
  "numCollectedRelationships": 27,
}
`;
